Component: ARM Compiler 5.06 update 7 (build 960) Tool: armlink [4d3601]

==============================================================================

Section Cross References

    main.o(.text) refers to misc.o(.text) for NVIC_PriorityGroupConfig
    main.o(.text) refers to delay.o(.text) for delay_init
    main.o(.text) refers to can1.o(.text) for CAN1_Init
    main.o(.text) refers to timer2.o(.text) for TIM2_Init
    main.o(.text) refers to usart.o(.text) for USART1_Init
    main.o(.text) refers to states.o(.text) for setNodeId
    main.o(.text) refers to sdo_frames.o(.text) for send_sdo_to_node
    main.o(.text) refers to master.o(.data) for Master_Data
    main.o(.text) refers to sdo_frames.o(.constdata) for SDO_ACTIVATE_INIT
    system_stm32f4xx.o(.text) refers to system_stm32f4xx.o(.data) for SystemCoreClock
    sdo_frames.o(.text) refers to rt_memcpy_v6.o(.text) for __aeabi_memcpy
    sdo_frames.o(.text) refers to can1.o(.text) for canSend
    delay.o(.text) refers to misc.o(.text) for SysTick_CLKSourceConfig
    delay.o(.text) refers to delay.o(.data) for fac_us
    usart.o(.rev16_text) refers (Special) to use_no_semi_2.o(.text) for __use_no_semihosting
    usart.o(.revsh_text) refers (Special) to use_no_semi_2.o(.text) for __use_no_semihosting
    usart.o(.text) refers (Special) to use_no_semi_2.o(.text) for __use_no_semihosting
    usart.o(.text) refers to stm32f4xx_rcc.o(.text) for RCC_AHB1PeriphClockCmd
    usart.o(.text) refers to stm32f4xx_gpio.o(.text) for GPIO_PinAFConfig
    usart.o(.text) refers to stm32f4xx_usart.o(.text) for USART_Init
    usart.o(.text) refers to misc.o(.text) for NVIC_Init
    usart.o(.data) refers (Special) to use_no_semi_2.o(.text) for __use_no_semihosting
    startup_stm32f40_41xxx.o(STACK) refers (Special) to heapauxi.o(.text) for __use_two_region_memory
    startup_stm32f40_41xxx.o(HEAP) refers (Special) to heapauxi.o(.text) for __use_two_region_memory
    startup_stm32f40_41xxx.o(RESET) refers (Special) to heapauxi.o(.text) for __use_two_region_memory
    startup_stm32f40_41xxx.o(RESET) refers to startup_stm32f40_41xxx.o(STACK) for __initial_sp
    startup_stm32f40_41xxx.o(RESET) refers to startup_stm32f40_41xxx.o(.text) for Reset_Handler
    startup_stm32f40_41xxx.o(RESET) refers to stm32f4xx_it.o(.text) for NMI_Handler
    startup_stm32f40_41xxx.o(RESET) refers to can1.o(.text) for CAN1_RX0_IRQHandler
    startup_stm32f40_41xxx.o(RESET) refers to timer2.o(.text) for TIM2_IRQHandler
    startup_stm32f40_41xxx.o(RESET) refers to usart.o(.text) for USART1_IRQHandler
    startup_stm32f40_41xxx.o(.text) refers (Special) to heapauxi.o(.text) for __use_two_region_memory
    startup_stm32f40_41xxx.o(.text) refers to system_stm32f4xx.o(.text) for SystemInit
    startup_stm32f40_41xxx.o(.text) refers to __main.o(!!!main) for __main
    startup_stm32f40_41xxx.o(.text) refers to startup_stm32f40_41xxx.o(HEAP) for Heap_Mem
    startup_stm32f40_41xxx.o(.text) refers to startup_stm32f40_41xxx.o(STACK) for Stack_Mem
    stm32f4xx_gpio.o(.text) refers to stm32f4xx_rcc.o(.text) for RCC_AHB1PeriphResetCmd
    stm32f4xx_fsmc.o(.text) refers to stm32f4xx_fsmc.o(.constdata) for FSMC_DefaultTimingStruct
    stm32f4xx_rcc.o(.text) refers to stm32f4xx_rcc.o(.data) for APBAHBPrescTable
    stm32f4xx_syscfg.o(.text) refers to stm32f4xx_rcc.o(.text) for RCC_APB2PeriphResetCmd
    stm32f4xx_usart.o(.text) refers to stm32f4xx_rcc.o(.text) for RCC_APB2PeriphResetCmd
    stm32f4xx_can.o(.text) refers to stm32f4xx_rcc.o(.text) for RCC_APB1PeriphResetCmd
    stm32f4xx_spi.o(.text) refers to stm32f4xx_rcc.o(.text) for RCC_APB2PeriphResetCmd
    stm32f4xx_sdio.o(.text) refers to stm32f4xx_rcc.o(.text) for RCC_APB2PeriphResetCmd
    stm32f4xx_tim.o(.text) refers to stm32f4xx_rcc.o(.text) for RCC_APB2PeriphResetCmd
    dcf.o(.text) refers to _printf_percent.o(.ARM.Collect$$_printf_percent$$00000000) for _printf_percent
    dcf.o(.text) refers to _printf_d.o(.ARM.Collect$$_printf_percent$$00000009) for _printf_d
    dcf.o(.text) refers to _printf_x.o(.ARM.Collect$$_printf_percent$$0000000C) for _printf_x
    dcf.o(.text) refers to _printf_s.o(.ARM.Collect$$_printf_percent$$00000014) for _printf_s
    dcf.o(.text) refers to _printf_dec.o(.text) for _printf_int_dec
    dcf.o(.text) refers to _printf_hex_int.o(.text) for _printf_longlong_hex
    dcf.o(.text) refers to _printf_str.o(.text) for _printf_str
    dcf.o(.text) refers to nmtmaster.o(.text) for masterSendNMTstateChange
    dcf.o(.text) refers to sdo.o(.text) for writeNetworkDictCallBackAI
    dcf.o(.text) refers to noretval__2printf.o(.text) for __2printf
    emcy.o(.text) refers to _printf_percent.o(.ARM.Collect$$_printf_percent$$00000000) for _printf_percent
    emcy.o(.text) refers to _printf_d.o(.ARM.Collect$$_printf_percent$$00000009) for _printf_d
    emcy.o(.text) refers to _printf_x.o(.ARM.Collect$$_printf_percent$$0000000C) for _printf_x
[...]
    .ARM.Collect$$rtentry$$0000000A          0x08000264   Section        4  __rtentry2.o(.ARM.Collect$$rtentry$$0000000A)
    .ARM.Collect$$rtentry$$0000000C          0x08000268   Section        0  __rtentry2.o(.ARM.Collect$$rtentry$$0000000C)
    .ARM.Collect$$rtentry$$0000000D          0x08000268   Section        8  __rtentry2.o(.ARM.Collect$$rtentry$$0000000D)
    .ARM.Collect$$rtexit$$00000000           0x08000270   Section        2  rtexit.o(.ARM.Collect$$rtexit$$00000000)
    .ARM.Collect$$rtexit$$00000002           0x08000272   Section        0  rtexit2.o(.ARM.Collect$$rtexit$$00000002)
    .ARM.Collect$$rtexit$$00000003           0x08000272   Section        4  rtexit2.o(.ARM.Collect$$rtexit$$00000003)
    .ARM.Collect$$rtexit$$00000004           0x08000276   Section        6  rtexit2.o(.ARM.Collect$$rtexit$$00000004)
    .text                                    0x0800027c   Section        0  main.o(.text)
    .text                                    0x08000530   Section        0  stm32f4xx_it.o(.text)
    .text                                    0x0800054c   Section        0  system_stm32f4xx.o(.text)
    SetSysClock                              0x0800054d   Thumb Code   220  system_stm32f4xx.o(.text)
    .text                                    0x0800075c   Section        0  sdo_frames.o(.text)
    .text                                    0x080007a0   Section        0  delay.o(.text)
    .text                                    0x080008a4   Section        0  usart.o(.text)
    .text                                    0x08000988   Section       64  startup_stm32f40_41xxx.o(.text)
    $v0                                      0x08000988   Number         0  startup_stm32f40_41xxx.o(.text)
    .text                                    0x080009c8   Section        0  misc.o(.text)
    .text                                    0x08000aa8   Section        0  stm32f4xx_gpio.o(.text)
    .text                                    0x08000d3c   Section        0  stm32f4xx_rcc.o(.text)
    .text                                    0x08001398   Section        0  stm32f4xx_usart.o(.text)
    .text                                    0x080017ec   Section        0  stm32f4xx_can.o(.text)
    CheckITStatus                            0x08001fef   Thumb Code    18  stm32f4xx_can.o(.text)
    .text                                    0x080021dc   Section        0  stm32f4xx_tim.o(.text)
    TI4_Config                               0x0800297b   Thumb Code    80  stm32f4xx_tim.o(.text)
    TI3_Config                               0x080029dd   Thumb Code    72  stm32f4xx_tim.o(.text)
    TI2_Config                               0x08002a3f   Thumb Code    90  stm32f4xx_tim.o(.text)
    TI1_Config                               0x08002aab   Thumb Code    58  stm32f4xx_tim.o(.text)
    .text                                    0x08002e80   Section        0  emcy.o(.text)
    .text                                    0x0800326c   Section        0  lifegrd.o(.text)
    .text                                    0x08003834   Section        0  nmtmaster.o(.text)
    .text                                    0x0800396c   Section        0  nmtslave.o(.text)
    .text                                    0x08003b10   Section        0  objacces.o(.text)
    .text                                    0x08004098   Section        0  pdo.o(.text)
    sendPdo                                  0x080043bf   Thumb Code    92  pdo.o(.text)
    .text                                    0x0800529c   Section        0  sdo.o(.text)
    .text                                    0x0800b71c   Section        0  states.o(.text)
    .text                                    0x0800bda4   Section        0  sync.o(.text)
    .text                                    0x0800bf58   Section        0  timer.o(.text)
    .text                                    0x0800c148   Section        0  master.o(.text)
    .text                                    0x0800c1c4   Section        0  can1.o(.text)
    .text                                    0x0800c434   Section        0  timer2.o(.text)
    .text                                    0x0800c538   Section        2  use_no_semi_2.o(.text)
    .text                                    0x0800c53c   Section        0  noretval__2printf.o(.text)
    .text                                    0x0800c554   Section        0  _printf_pad.o(.text)
    .text                                    0x0800c5a2   Section        0  _printf_str.o(.text)
    .text                                    0x0800c5f4   Section        0  _printf_dec.o(.text)
    .text                                    0x0800c66c   Section        0  _printf_hex_int.o(.text)
    .text                                    0x0800c6c4   Section        0  __printf_flags_wp.o(.text)
    .text                                    0x0800c7fc   Section        0  memcmp.o(.text)
    .text                                    0x0800c854   Section      138  rt_memcpy_v6.o(.text)
    .text                                    0x0800c8de   Section       78  rt_memclr_w.o(.text)
    .text                                    0x0800c92c   Section        0  heapauxi.o(.text)
    .text                                    0x0800c932   Section        2  use_no_semi.o(.text)
    .text                                    0x0800c934   Section        0  _printf_intcommon.o(.text)
    .text                                    0x0800c9e6   Section        0  _printf_char.o(.text)
    .text                                    0x0800ca14   Section        0  _printf_char_file.o(.text)
    .text                                    0x0800ca38   Section      100  rt_memcpy_w.o(.text)
    .text                                    0x0800ca9c   Section        0  _printf_char_common.o(.text)
    _printf_input_char                       0x0800ca9d   Thumb Code    10  _printf_char_common.o(.text)
    .text                                    0x0800cacc   Section        0  ferror.o(.text)
    .text                                    0x0800cad4   Section       74  sys_stackheap_outer.o(.text)
    .text                                    0x0800cb1e   Section        0  exit.o(.text)
    .text                                    0x0800cb30   Section        8  libspace.o(.text)
    i._is_digit                              0x0800cb38   Section        0  __printf_wp.o(i._is_digit)
    x$fpl$fpinit                             0x0800cb46   Section       10  fpinit.o(x$fpl$fpinit)
    $v0                                      0x0800cb46   Number         0  fpinit.o(x$fpl$fpinit)
    .constdata                               0x0800cb50   Section      198  sdo_frames.o(.constdata)
    .constdata                               0x0800cc18   Section       64  states.o(.constdata)
    .constdata                               0x0800cc58   Section       70  master.o(.constdata)
    .constdata                               0x0800cc9e   Section       40  _printf_hex_int.o(.constdata)
    uc_hextab                                0x0800cc9e   Data          20  _printf_hex_int.o(.constdata)
    lc_hextab                                0x0800ccb2   Data          20  _printf_hex_int.o(.constdata)
    .constdata                               0x0800ccc6   Section       17  __printf_flags_wp.o(.constdata)
    maptable                                 0x0800ccc6   Data          17  __printf_flags_wp.o(.constdata)
    .conststring                             0x0800ccd8   Section       68  pdo.o(.conststring)
    .conststring                             0x0800cd1c   Section     1902  sdo.o(.conststring)
    .data                                    0x20000000   Section       20  system_stm32f4xx.o(.data)
    .data                                    0x20000014   Section        4  delay.o(.data)
    fac_us                                   0x20000014   Data           1  delay.o(.data)
    fac_ms                                   0x20000016   Data           2  delay.o(.data)
    .data                                    0x20000018   Section        4  usart.o(.data)
    .data                                    0x2000001c   Section       16  stm32f4xx_rcc.o(.data)
    APBAHBPrescTable                         0x2000001c   Data          16  stm32f4xx_rcc.o(.data)
    .data                                    0x2000002c   Section       12  timer.o(.data)
    .data                                    0x20000038   Section      904  master.o(.data)
    .data                                    0x200003c0   Section        4  can1.o(.data)
    co_data                                  0x200003c0   Data           4  can1.o(.data)
    .data                                    0x200003c4   Section        8  timer2.o(.data)
    .bss                                     0x200003cc   Section      192  timer.o(.bss)
    .bss                                     0x2000048c   Section       96  libspace.o(.bss)
    HEAP                                     0x200004f0   Section      512  startup_stm32f40_41xxx.o(HEAP)
    Heap_Mem                                 0x200004f0   Data         512  startup_stm32f40_41xxx.o(HEAP)
    STACK                                    0x200006f0   Section     1024  startup_stm32f40_41xxx.o(STACK)
    Stack_Mem                                0x200006f0   Data        1024  startup_stm32f40_41xxx.o(STACK)
    __initial_sp                             0x20000af0   Data           0  startup_stm32f40_41xxx.o(STACK)

    Global Symbols

    Symbol Name                              Value     Ov Type        Size  Object(Section)

    BuildAttributes$$THM_ISAv4$E$P$D$K$B$S$7EM$VFPi3$EXTD16$VFPS$VFMA$PE$A:L22UL41UL21$X:L11$S22US41US21$IEEE1$IW$USESV6$~STKCKD$USESV7$~SHL$OSPACE$ROPI$EBA8$UX$STANDARDLIB$REQ8$PRES8$EABIv2 0x00000000   Number         0  anon$$obj.o ABSOLUTE
    __ARM_use_no_argv                        0x00000000   Number         0  main.o ABSOLUTE
    _printf_flags                            0x00000000   Number         0  printf_stubs.o ABSOLUTE
    _printf_return_value                     0x00000000   Number         0  printf_stubs.o ABSOLUTE
    _printf_sizespec                         0x00000000   Number         0  printf_stubs.o ABSOLUTE
    _printf_widthprec                        0x00000000   Number         0  printf_stubs.o ABSOLUTE
    __ARM_exceptions_init                     - Undefined Weak Reference
    __alloca_initialize                       - Undefined Weak Reference
    __arm_fini_                               - Undefined Weak Reference
    __arm_preinit_                            - Undefined Weak Reference
    __cpp_initialize__aeabi_                  - Undefined Weak Reference
    __cxa_finalize                            - Undefined Weak Reference
    __rt_locale                               - Undefined Weak Reference
    __sigvec_lookup                           - Undefined Weak Reference
    _atexit_init                              - Undefined Weak Reference
    _call_atexit_fns                          - Undefined Weak Reference
    _clock_init                               - Undefined Weak Reference
    _fp_trap_init                             - Undefined Weak Reference
    _fp_trap_shutdown                         - Undefined Weak Reference
    _get_lc_collate                           - Undefined Weak Reference
    _get_lc_ctype                             - Undefined Weak Reference
    _get_lc_monetary                          - Undefined Weak Reference
    _get_lc_numeric                           - Undefined Weak Reference
    _get_lc_time                              - Undefined Weak Reference
    _getenv_init                              - Undefined Weak Reference
    _handle_redirection                       - Undefined Weak Reference
    _init_alloc                               - Undefined Weak Reference
    _init_user_alloc                          - Undefined Weak Reference
    _initio                                   - Undefined Weak Reference
    _mutex_acquire                            - Undefined Weak Reference
    _mutex_release                            - Undefined Weak Reference
    _printf_mbtowc                            - Undefined Weak Reference
    _printf_truncate_signed                   - Undefined Weak Reference
    _printf_truncate_unsigned                 - Undefined Weak Reference
    _rand_init                                - Undefined Weak Reference
    _signal_finish                            - Undefined Weak Reference
    _signal_init                              - Undefined Weak Reference
    _terminate_alloc                          - Undefined Weak Reference
    _terminate_user_alloc                     - Undefined Weak Reference
    _terminateio                              - Undefined Weak Reference
    __Vectors_Size                           0x00000188   Number         0  startup_stm32f40_41xxx.o ABSOLUTE
    __Vectors                                0x08000000   Data           4  startup_stm32f40_41xxx.o(RESET)
    __Vectors_End                            0x08000188   Data           0  startup_stm32f40_41xxx.o(RESET)
    __main                                   0x08000189   Thumb Code     8  __main.o(!!!main)
    __scatterload                            0x08000191   Thumb Code     0  __scatter.o(!!!scatter)
    __scatterload_rt2                        0x08000191   Thumb Code    44  __scatter.o(!!!scatter)
    __scatterload_rt2_thumb_only             0x08000191   Thumb Code     0  __scatter.o(!!!scatter)
    __scatterload_null                       0x0800019f   Thumb Code     0  __scatter.o(!!!scatter)
    __decompress                             0x080001c5   Thumb Code    90  __dczerorl2.o(!!dczerorl2)
    __decompress1                            0x080001c5   Thumb Code     0  __dczerorl2.o(!!dczerorl2)
    __scatterload_zeroinit                   0x08000221   Thumb Code    28  __scatter_zi.o(!!handler_zi)
    _printf_d                                0x0800023d   Thumb Code     0  _printf_d.o(.ARM.Collect$$_printf_percent$$00000009)
    _printf_percent                          0x0800023d   Thumb Code     0  _printf_percent.o(.ARM.Collect$$_printf_percent$$00000000)
    _printf_x                                0x08000243   Thumb Code     0  _printf_x.o(.ARM.Collect$$_printf_percent$$0000000C)
    _printf_s                                0x08000249   Thumb Code     0  _printf_s.o(.ARM.Collect$$_printf_percent$$00000014)
    _printf_percent_end                      0x0800024f   Thumb Code     0  _printf_percent_end.o(.ARM.Collect$$_printf_percent$$00000017)
    __rt_lib_init                            0x08000253   Thumb Code     0  libinit.o(.ARM.Collect$$libinit$$00000000)
    __rt_lib_init_fp_1                       0x08000255   Thumb Code     0  libinit2.o(.ARM.Collect$$libinit$$00000001)
    __rt_lib_init_alloca_1                   0x08000259   Thumb Code     0  libinit2.o(.ARM.Collect$$libinit$$0000002E)
    __rt_lib_init_argv_1                     0x08000259   Thumb Code     0  libinit2.o(.ARM.Collect$$libinit$$0000002C)
    __rt_lib_init_atexit_1                   0x08000259   Thumb Code     0  libinit2.o(.ARM.Collect$$libinit$$0000001B)
    __rt_lib_init_clock_1                    0x08000259   Thumb Code     0  libinit2.o(.ARM.Collect$$libinit$$00000021)
    __rt_lib_init_cpp_1                      0x08000259   Thumb Code     0  libinit2.o(.ARM.Collect$$libinit$$00000032)
    __rt_lib_init_exceptions_1               0x08000259   Thumb Code     0  libinit2.o(.ARM.Collect$$libinit$$00000030)
    __rt_lib_init_fp_trap_1                  0x08000259   Thumb Code     0  libinit2.o(.ARM.Collect$$libinit$$0000001F)
    __rt_lib_init_getenv_1                   0x08000259   Thumb Code     0  libinit2.o(.ARM.Collect$$libinit$$00000023)
    __rt_lib_init_heap_1                     0x08000259   Thumb Code     0  libinit2.o(.ARM.Collect$$libinit$$0000000A)
    __rt_lib_init_lc_collate_1               0x08000259   Thumb Code     0  libinit2.o(.ARM.Collect$$libinit$$00000011)
    __rt_lib_init_lc_ctype_1                 0x08000259   Thumb Code     0  libinit2.o(.ARM.Collect$$libinit$$00000013)
    __rt_lib_init_lc_monetary_1              0x08000259   Thumb Code     0  libinit2.o(.ARM.Collect$$libinit$$00000015)
    __rt_lib_init_lc_numeric_1               0x08000259   Thumb Code     0  libinit2.o(.ARM.Collect$$libinit$$00000017)
    __rt_lib_init_lc_time_1                  0x08000259   Thumb Code     0  libinit2.o(.ARM.Collect$$libinit$$00000019)
    __rt_lib_init_preinit_1                  0x08000259   Thumb Code     0  libinit2.o(.ARM.Collect$$libinit$$00000004)
    __rt_lib_init_rand_1                     0x08000259   Thumb Code     0  libinit2.o(.ARM.Collect$$libinit$$0000000E)
    __rt_lib_init_return                     0x08000259   Thumb Code     0  libinit2.o(.ARM.Collect$$libinit$$00000033)
    __rt_lib_init_signal_1                   0x08000259   Thumb Code     0  libinit2.o(.ARM.Collect$$libinit$$0000001D)
    __rt_lib_init_stdio_1                    0x08000259   Thumb Code     0  libinit2.o(.ARM.Collect$$libinit$$00000025)
    __rt_lib_init_user_alloc_1               0x08000259   Thumb Code     0  libinit2.o(.ARM.Collect$$libinit$$0000000C)
    __rt_lib_shutdown                        0x0800025b   Thumb Code     0  libshutdown.o(.ARM.Collect$$libshutdown$$00000000)
    __rt_lib_shutdown_cpp_1                  0x0800025d   Thumb Code     0  libshutdown2.o(.ARM.Collect$$libshutdown$$00000004)
    __rt_lib_shutdown_fini_1                 0x0800025d   Thumb Code     0  libshutdown2.o(.ARM.Collect$$libshutdown$$00000002)
    __rt_lib_shutdown_fp_trap_1              0x0800025d   Thumb Code     0  libshutdown2.o(.ARM.Collect$$libshutdown$$00000009)
    __rt_lib_shutdown_heap_1                 0x0800025d   Thumb Code     0  libshutdown2.o(.ARM.Collect$$libshutdown$$00000011)
    __rt_lib_shutdown_return                 0x0800025d   Thumb Code     0  libshutdown2.o(.ARM.Collect$$libshutdown$$00000012)
    __rt_lib_shutdown_signal_1               0x0800025d   Thumb Code     0  libshutdown2.o(.ARM.Collect$$libshutdown$$0000000C)
    __rt_lib_shutdown_stdio_1                0x0800025d   Thumb Code     0  libshutdown2.o(.ARM.Collect$$libshutdown$$00000006)
    __rt_lib_shutdown_user_alloc_1           0x0800025d   Thumb Code     0  libshutdown2.o(.ARM.Collect$$libshutdown$$0000000E)
    __rt_entry                               0x0800025f   Thumb Code     0  __rtentry.o(.ARM.Collect$$rtentry$$00000000)
    __rt_entry_presh_1                       0x0800025f   Thumb Code     0  __rtentry2.o(.ARM.Collect$$rtentry$$00000002)
    __rt_entry_sh                            0x0800025f   Thumb Code     0  __rtentry4.o(.ARM.Collect$$rtentry$$00000004)
    __rt_entry_li                            0x08000265   Thumb Code     0  __rtentry2.o(.ARM.Collect$$rtentry$$0000000A)
    __rt_entry_postsh_1                      0x08000265   Thumb Code     0  __rtentry2.o(.ARM.Collect$$rtentry$$00000009)
    __rt_entry_main                          0x08000269   Thumb Code     0  __rtentry2.o(.ARM.Collect$$rtentry$$0000000D)
    __rt_entry_postli_1                      0x08000269   Thumb Code     0  __rtentry2.o(.ARM.Collect$$rtentry$$0000000C)
    __rt_exit                                0x08000271   Thumb Code     0  rtexit.o(.ARM.Collect$$rtexit$$00000000)
    __rt_exit_ls                             0x08000273   Thumb Code     0  rtexit2.o(.ARM.Collect$$rtexit$$00000003)
    __rt_exit_prels_1                        0x08000273   Thumb Code     0  rtexit2.o(.ARM.Collect$$rtexit$$00000002)
    __rt_exit_exit                           0x08000277   Thumb Code     0  rtexit2.o(.ARM.Collect$$rtexit$$00000004)
    main                                     0x0800027d   Thumb Code   614  main.o(.text)
    NMI_Handler                              0x08000531   Thumb Code     2  stm32f4xx_it.o(.text)
    HardFault_Handler                        0x08000533   Thumb Code     4  stm32f4xx_it.o(.text)
    MemManage_Handler                        0x08000537   Thumb Code     4  stm32f4xx_it.o(.text)
    BusFault_Handler                         0x0800053b   Thumb Code     4  stm32f4xx_it.o(.text)
    UsageFault_Handler                       0x0800053f   Thumb Code     4  stm32f4xx_it.o(.text)
    SVC_Handler                              0x08000543   Thumb Code     2  stm32f4xx_it.o(.text)
    DebugMon_Handler                         0x08000545   Thumb Code     2  stm32f4xx_it.o(.text)
    PendSV_Handler                           0x08000547   Thumb Code     2  stm32f4xx_it.o(.text)
    SysTick_Handler                          0x08000549   Thumb Code     2  stm32f4xx_it.o(.text)
    SystemInit                               0x08000629   Thumb Code    88  system_stm32f4xx.o(.text)
    SystemCoreClockUpdate                    0x08000681   Thumb Code   174  system_stm32f4xx.o(.text)
    send_sdo_to_node                         0x0800075d   Thumb Code    68  sdo_frames.o(.text)
    delay_init                               0x080007a1   Thumb Code    52  delay.o(.text)
    delay_us                                 0x080007d5   Thumb Code    72  delay.o(.text)
    delay_xms                                0x0800081d   Thumb Code    72  delay.o(.text)
    delay_ms                                 0x08000865   Thumb Code    56  delay.o(.text)
    _sys_exit                                0x080008a5   Thumb Code     4  usart.o(.text)
    fputc                                    0x080008a9   Thumb Code    22  usart.o(.text)
    USART1_Init                              0x080008bf   Thumb Code   166  usart.o(.text)
    USART1_IRQHandler                        0x08000965   Thumb Code    28  usart.o(.text)
    Reset_Handler                            0x08000989   Thumb Code     8  startup_stm32f40_41xxx.o(.text)
    ADC_IRQHandler                           0x080009a3   Thumb Code     0  startup_stm32f40_41xxx.o(.text)
    CAN1_RX1_IRQHandler                      0x080009a3   Thumb Code     0  startup_stm32f40_41xxx.o(.text)
    CAN1_SCE_IRQHandler                      0x080009a3   Thumb Code     0  startup_stm32f40_41xxx.o(.text)
    CAN1_TX_IRQHandler                       0x080009a3   Thumb Code     0  startup_stm32f40_41xxx.o(.text)
    CAN2_RX0_IRQHandler                      0x080009a3   Thumb Code     0  startup_stm32f40_41xxx.o(.text)
    CAN2_RX1_IRQHandler                      0x080009a3   Thumb Code     0  startup_stm32f40_41xxx.o(.text)
    CAN2_SCE_IRQHandler                      0x080009a3   Thumb Code     0  startup_stm32f40_41xxx.o(.text)
    CAN2_TX_IRQHandler                       0x080009a3   Thumb Code     0  startup_stm32f40_41xxx.o(.text)
    CRYP_IRQHandler                          0x080009a3   Thumb Code     0  startup_stm32f40_41xxx.o(.text)
    DCMI_IRQHandler                          0x080009a3   Thumb Code     0  startup_stm32f40_41xxx.o(.text)
    DMA1_Stream0_IRQHandler                  0x080009a3   Thumb Code     0  startup_stm32f40_41xxx.o(.text)
    DMA1_Stream1_IRQHandler                  0x080009a3   Thumb Code     0  startup_stm32f40_41xxx.o(.text)
    DMA1_Stream2_IRQHandler                  0x080009a3   Thumb Code     0  startup_stm32f40_41xxx.o(.text)
    DMA1_Stream3_IRQHandler                  0x080009a3   Thumb Code     0  startup_stm32f40_41xxx.o(.text)
    DMA1_Stream4_IRQHandler                  0x080009a3   Thumb Code     0  startup_stm32f40_41xxx.o(.text)
    DMA1_Stream5_IRQHandler                  0x080009a3   Thumb Code     0  startup_stm32f40_41xxx.o(.text)
    DMA1_Stream6_IRQHandler                  0x080009a3   Thumb Code     0  startup_stm32f40_41xxx.o(.text)
    DMA1_Stream7_IRQHandler                  0x080009a3   Thumb Code     0  startup_stm32f40_41xxx.o(.text)
    DMA2_Stream0_IRQHandler                  0x080009a3   Thumb Code     0  startup_stm32f40_41xxx.o(.text)
    DMA2_Stream1_IRQHandler                  0x080009a3   Thumb Code     0  startup_stm32f40_41xxx.o(.text)
    DMA2_Stream2_IRQHandler                  0x080009a3   Thumb Code     0  startup_stm32f40_41xxx.o(.text)
    DMA2_Stream3_IRQHandler                  0x080009a3   Thumb Code     0  startup_stm32f40_41xxx.o(.text)
    DMA2_Stream4_IRQHandler                  0x080009a3   Thumb Code     0  startup_stm32f40_41xxx.o(.text)
    DMA2_Stream5_IRQHandler                  0x080009a3   Thumb Code     0  startup_stm32f40_41xxx.o(.text)
    DMA2_Stream6_IRQHandler                  0x080009a3   Thumb Code     0  startup_stm32f40_41xxx.o(.text)
    DMA2_Stream7_IRQHandler                  0x080009a3   Thumb Code     0  startup_stm32f40_41xxx.o(.text)
    ETH_IRQHandler                           0x080009a3   Thumb Code     0  startup_stm32f40_41xxx.o(.text)
    ETH_WKUP_IRQHandler                      0x080009a3   Thumb Code     0  startup_stm32f40_41xxx.o(.text)
    EXTI0_IRQHandler                         0x080009a3   Thumb Code     0  startup_stm32f40_41xxx.o(.text)
    EXTI15_10_IRQHandler                     0x080009a3   Thumb Code     0  startup_stm32f40_41xxx.o(.text)
    EXTI1_IRQHandler                         0x080009a3   Thumb Code     0  startup_stm32f40_41xxx.o(.text)
    EXTI2_IRQHandler                         0x080009a3   Thumb Code     0  startup_stm32f40_41xxx.o(.text)
    EXTI3_IRQHandler                         0x080009a3   Thumb Code     0  startup_stm32f40_41xxx.o(.text)
    EXTI4_IRQHandler                         0x080009a3   Thumb Code     0  startup_stm32f40_41xxx.o(.text)
    EXTI9_5_IRQHandler                       0x080009a3   Thumb Code     0  startup_stm32f40_41xxx.o(.text)
    FLASH_IRQHandler                         0x080009a3   Thumb Code     0  startup_stm32f40_41xxx.o(.text)
    FPU_IRQHandler                           0x080009a3   Thumb Code     0  startup_stm32f40_41xxx.o(.text)
    FSMC_IRQHandler                          0x080009a3   Thumb Code     0  startup_stm32f40_41xxx.o(.text)
    HASH_RNG_IRQHandler                      0x080009a3   Thumb Code     0  startup_stm32f40_41xxx.o(.text)
    I2C1_ER_IRQHandler                       0x080009a3   Thumb Code     0  startup_stm32f40_41xxx.o(.text)
    I2C1_EV_IRQHandler                       0x080009a3   Thumb Code     0  startup_stm32f40_41xxx.o(.text)
    I2C2_ER_IRQHandler                       0x080009a3   Thumb Code     0  startup_stm32f40_41xxx.o(.text)
    I2C2_EV_IRQHandler                       0x080009a3   Thumb Code     0  startup_stm32f40_41xxx.o(.text)
    I2C3_ER_IRQHandler                       0x080009a3   Thumb Code     0  startup_stm32f40_41xxx.o(.text)
    I2C3_EV_IRQHandler                       0x080009a3   Thumb Code     0  startup_stm32f40_41xxx.o(.text)
    OTG_FS_IRQHandler                        0x080009a3   Thumb Code     0  startup_stm32f40_41xxx.o(.text)
    OTG_FS_WKUP_IRQHandler                   0x080009a3   Thumb Code     0  startup_stm32f40_41xxx.o(.text)
    OTG_HS_EP1_IN_IRQHandler                 0x080009a3   Thumb Code     0  startup_stm32f40_41xxx.o(.text)
    OTG_HS_EP1_OUT_IRQHandler                0x080009a3   Thumb Code     0  startup_stm32f40_41xxx.o(.text)
    OTG_HS_IRQHandler                        0x080009a3   Thumb Code     0  startup_stm32f40_41xxx.o(.text)
    OTG_HS_WKUP_IRQHandler                   0x080009a3   Thumb Code     0  startup_stm32f40_41xxx.o(.text)
    PVD_IRQHandler                           0x080009a3   Thumb Code     0  startup_stm32f40_41xxx.o(.text)
    RCC_IRQHandler                           0x080009a3   Thumb Code     0  startup_stm32f40_41xxx.o(.text)
    RTC_Alarm_IRQHandler                     0x080009a3   Thumb Code     0  startup_stm32f40_41xxx.o(.text)
    RTC_WKUP_IRQHandler                      0x080009a3   Thumb Code     0  startup_stm32f40_41xxx.o(.text)
    SDIO_IRQHandler                          0x080009a3   Thumb Code     0  startup_stm32f40_41xxx.o(.text)
    SPI1_IRQHandler                          0x080009a3   Thumb Code     0  startup_stm32f40_41xxx.o(.text)
    SPI2_IRQHandler                          0x080009a3   Thumb Code     0  startup_stm32f40_41xxx.o(.text)
    SPI3_IRQHandler                          0x080009a3   Thumb Code     0  startup_stm32f40_41xxx.o(.text)
    TAMP_STAMP_IRQHandler                    0x080009a3   Thumb Code     0  startup_stm32f40_41xxx.o(.text)
    TIM1_BRK_TIM9_IRQHandler                 0x080009a3   Thumb Code     0  startup_stm32f40_41xxx.o(.text)
    TIM1_CC_IRQHandler                       0x080009a3   Thumb Code     0  startup_stm32f40_41xxx.o(.text)
    TIM1_TRG_COM_TIM11_IRQHandler            0x080009a3   Thumb Code     0  startup_stm32f40_41xxx.o(.text)
    TIM1_UP_TIM10_IRQHandler                 0x080009a3   Thumb Code     0  startup_stm32f40_41xxx.o(.text)
    TIM3_IRQHandler                          0x080009a3   Thumb Code     0  startup_stm32f40_41xxx.o(.text)
    TIM4_IRQHandler                          0x080009a3   Thumb Code     0  startup_stm32f40_41xxx.o(.text)
    TIM5_IRQHandler                          0x080009a3   Thumb Code     0  startup_stm32f40_41xxx.o(.text)
    TIM6_DAC_IRQHandler                      0x080009a3   Thumb Code     0  startup_stm32f40_41xxx.o(.text)
    TIM7_IRQHandler                          0x080009a3   Thumb Code     0  startup_stm32f40_41xxx.o(.text)
    TIM8_BRK_TIM12_IRQHandler                0x080009a3   Thumb Code     0  startup_stm32f40_41xxx.o(.text)
    TIM8_CC_IRQHandler                       0x080009a3   Thumb Code     0  startup_stm32f40_41xxx.o(.text)
    TIM8_TRG_COM_TIM14_IRQHandler            0x080009a3   Thumb Code     0  startup_stm32f40_41xxx.o(.text)
    TIM8_UP_TIM13_IRQHandler                 0x080009a3   Thumb Code     0  startup_stm32f40_41xxx.o(.text)
    UART4_IRQHandler                         0x080009a3   Thumb Code     0  startup_stm32f40_41xxx.o(.text)
    UART5_IRQHandler                         0x080009a3   Thumb Code     0  startup_stm32f40_41xxx.o(.text)
    USART2_IRQHandler                        0x080009a3   Thumb Code     0  startup_stm32f40_41xxx.o(.text)
    USART3_IRQHandler                        0x080009a3   Thumb Code     0  startup_stm32f40_41xxx.o(.text)
    USART6_IRQHandler                        0x080009a3   Thumb Code     0  startup_stm32f40_41xxx.o(.text)
    WWDG_IRQHandler                          0x080009a3   Thumb Code     0  startup_stm32f40_41xxx.o(.text)
    __user_initial_stackheap                 0x080009a5   Thumb Code     0  startup_stm32f40_41xxx.o(.text)
    NVIC_PriorityGroupConfig                 0x080009c9   Thumb Code    10  misc.o(.text)
    NVIC_Init                                0x080009d3   Thumb Code   106  misc.o(.text)
    NVIC_SetVectorTable                      0x08000a3d   Thumb Code    14  misc.o(.text)
    NVIC_SystemLPConfig                      0x08000a4b   Thumb Code    34  misc.o(.text)
    SysTick_CLKSourceConfig                  0x08000a6d   Thumb Code    40  misc.o(.text)
    GPIO_DeInit                              0x08000aa9   Thumb Code   268  stm32f4xx_gpio.o(.text)
    GPIO_Init                                0x08000bb5   Thumb Code   144  stm32f4xx_gpio.o(.text)
    GPIO_StructInit                          0x08000c45   Thumb Code    18  stm32f4xx_gpio.o(.text)
    GPIO_PinLockConfig                       0x08000c57   Thumb Code    34  stm32f4xx_gpio.o(.text)
    GPIO_ReadInputDataBit                    0x08000c79   Thumb Code    18  stm32f4xx_gpio.o(.text)
    GPIO_ReadInputData                       0x08000c8b   Thumb Code     8  stm32f4xx_gpio.o(.text)
    GPIO_ReadOutputDataBit                   0x08000c93   Thumb Code    18  stm32f4xx_gpio.o(.text)
    GPIO_ReadOutputData                      0x08000ca5   Thumb Code     8  stm32f4xx_gpio.o(.text)
    GPIO_SetBits                             0x08000cad   Thumb Code     4  stm32f4xx_gpio.o(.text)
    GPIO_ResetBits                           0x08000cb1   Thumb Code     4  stm32f4xx_gpio.o(.text)
    GPIO_WriteBit                            0x08000cb5   Thumb Code    10  stm32f4xx_gpio.o(.text)
    GPIO_Write                               0x08000cbf   Thumb Code     4  stm32f4xx_gpio.o(.text)
    GPIO_ToggleBits                          0x08000cc3   Thumb Code     8  stm32f4xx_gpio.o(.text)
    GPIO_PinAFConfig                         0x08000ccb   Thumb Code    70  stm32f4xx_gpio.o(.text)
    RCC_DeInit                               0x08000d3d   Thumb Code    82  stm32f4xx_rcc.o(.text)
    RCC_HSEConfig                            0x08000d8f   Thumb Code    14  stm32f4xx_rcc.o(.text)
    RCC_GetFlagStatus                        0x08000d9d   Thumb Code    60  stm32f4xx_rcc.o(.text)
    RCC_WaitForHSEStartUp                    0x08000dd9   Thumb Code    56  stm32f4xx_rcc.o(.text)
    RCC_AdjustHSICalibrationValue            0x08000e11   Thumb Code    20  stm32f4xx_rcc.o(.text)
    RCC_HSICmd                               0x08000e25   Thumb Code     6  stm32f4xx_rcc.o(.text)
    RCC_LSEConfig                            0x08000e2b   Thumb Code    46  stm32f4xx_rcc.o(.text)
    RCC_LSICmd                               0x08000e59   Thumb Code     6  stm32f4xx_rcc.o(.text)
    RCC_PLLConfig                            0x08000e5f   Thumb Code    32  stm32f4xx_rcc.o(.text)
    RCC_PLLCmd                               0x08000e7f   Thumb Code     6  stm32f4xx_rcc.o(.text)
    RCC_PLLI2SConfig                         0x08000e85   Thumb Code    14  stm32f4xx_rcc.o(.text)
    RCC_PLLI2SCmd                            0x08000e93   Thumb Code     6  stm32f4xx_rcc.o(.text)
    RCC_PLLSAIConfig                         0x08000e99   Thumb Code    20  stm32f4xx_rcc.o(.text)
    RCC_PLLSAICmd                            0x08000ead   Thumb Code     6  stm32f4xx_rcc.o(.text)
    RCC_ClockSecuritySystemCmd               0x08000eb3   Thumb Code     6  stm32f4xx_rcc.o(.text)
    RCC_MCO1Config                           0x08000eb9   Thumb Code    28  stm32f4xx_rcc.o(.text)
    RCC_MCO2Config                           0x08000ed5   Thumb Code    28  stm32f4xx_rcc.o(.text)
    RCC_SYSCLKConfig                         0x08000ef1   Thumb Code    20  stm32f4xx_rcc.o(.text)
    RCC_GetSYSCLKSource                      0x08000f05   Thumb Code    12  stm32f4xx_rcc.o(.text)
    RCC_HCLKConfig                           0x08000f11   Thumb Code    20  stm32f4xx_rcc.o(.text)
    RCC_PCLK1Config                          0x08000f25   Thumb Code    20  stm32f4xx_rcc.o(.text)
    RCC_PCLK2Config                          0x08000f39   Thumb Code    22  stm32f4xx_rcc.o(.text)
    RCC_GetClocksFreq                        0x08000f4f   Thumb Code   222  stm32f4xx_rcc.o(.text)
    RCC_RTCCLKConfig                         0x0800102d   Thumb Code    54  stm32f4xx_rcc.o(.text)
    RCC_RTCCLKCmd                            0x08001063   Thumb Code     8  stm32f4xx_rcc.o(.text)
    RCC_BackupResetCmd                       0x0800106b   Thumb Code     8  stm32f4xx_rcc.o(.text)
    RCC_I2SCLKConfig                         0x08001073   Thumb Code     6  stm32f4xx_rcc.o(.text)
    RCC_SAIPLLI2SClkDivConfig                0x08001079   Thumb Code    26  stm32f4xx_rcc.o(.text)
    RCC_SAIPLLSAIClkDivConfig                0x08001093   Thumb Code    28  stm32f4xx_rcc.o(.text)
    RCC_SAIBlockACLKConfig                   0x080010af   Thumb Code    20  stm32f4xx_rcc.o(.text)
    RCC_SAIBlockBCLKConfig                   0x080010c3   Thumb Code    20  stm32f4xx_rcc.o(.text)
    RCC_LTDCCLKDivConfig                     0x080010d7   Thumb Code    20  stm32f4xx_rcc.o(.text)
    RCC_TIMCLKPresConfig                     0x080010eb   Thumb Code     6  stm32f4xx_rcc.o(.text)
    RCC_AHB1PeriphClockCmd                   0x080010f1   Thumb Code    34  stm32f4xx_rcc.o(.text)
    RCC_AHB2PeriphClockCmd                   0x08001113   Thumb Code    78  stm32f4xx_rcc.o(.text)
    RCC_AHB3PeriphClockCmd                   0x08001161   Thumb Code    34  stm32f4xx_rcc.o(.text)
    RCC_APB1PeriphClockCmd                   0x08001183   Thumb Code    34  stm32f4xx_rcc.o(.text)
    RCC_APB2PeriphClockCmd                   0x080011a5   Thumb Code    34  stm32f4xx_rcc.o(.text)
    RCC_AHB1PeriphResetCmd                   0x080011c7   Thumb Code    34  stm32f4xx_rcc.o(.text)
    RCC_AHB2PeriphResetCmd                   0x080011e9   Thumb Code    34  stm32f4xx_rcc.o(.text)
    RCC_AHB3PeriphResetCmd                   0x0800120b   Thumb Code    34  stm32f4xx_rcc.o(.text)
    RCC_APB1PeriphResetCmd                   0x0800122d   Thumb Code    34  stm32f4xx_rcc.o(.text)
    RCC_APB2PeriphResetCmd                   0x0800124f   Thumb Code    34  stm32f4xx_rcc.o(.text)
    RCC_AHB1PeriphClockLPModeCmd             0x08001271   Thumb Code    34  stm32f4xx_rcc.o(.text)
    RCC_AHB2PeriphClockLPModeCmd             0x08001293   Thumb Code    34  stm32f4xx_rcc.o(.text)
    RCC_AHB3PeriphClockLPModeCmd             0x080012b5   Thumb Code    34  stm32f4xx_rcc.o(.text)
    RCC_APB1PeriphClockLPModeCmd             0x080012d7   Thumb Code    34  stm32f4xx_rcc.o(.text)
    RCC_APB2PeriphClockLPModeCmd             0x080012f9   Thumb Code    34  stm32f4xx_rcc.o(.text)
    RCC_LSEModeConfig                        0x0800131b   Thumb Code    40  stm32f4xx_rcc.o(.text)
    RCC_ITConfig                             0x08001343   Thumb Code    34  stm32f4xx_rcc.o(.text)
    RCC_ClearFlag                            0x08001365   Thumb Code    18  stm32f4xx_rcc.o(.text)
    RCC_GetITStatus                          0x08001377   Thumb Code    22  stm32f4xx_rcc.o(.text)
    RCC_ClearITPendingBit                    0x0800138d   Thumb Code     8  stm32f4xx_rcc.o(.text)
    USART_DeInit                             0x08001399   Thumb Code   206  stm32f4xx_usart.o(.text)
    USART_Init                               0x08001467   Thumb Code   204  stm32f4xx_usart.o(.text)
    USART_StructInit                         0x08001533   Thumb Code    24  stm32f4xx_usart.o(.text)
    USART_ClockInit                          0x0800154b   Thumb Code    32  stm32f4xx_usart.o(.text)
    USART_ClockStructInit                    0x0800156b   Thumb Code    12  stm32f4xx_usart.o(.text)
    USART_Cmd                                0x08001577   Thumb Code    24  stm32f4xx_usart.o(.text)
    USART_SetPrescaler                       0x0800158f   Thumb Code    16  stm32f4xx_usart.o(.text)
    USART_OverSampling8Cmd                   0x0800159f   Thumb Code    22  stm32f4xx_usart.o(.text)
    USART_OneBitMethodCmd                    0x080015b5   Thumb Code    24  stm32f4xx_usart.o(.text)
    USART_SendData                           0x080015cd   Thumb Code     8  stm32f4xx_usart.o(.text)
    USART_ReceiveData                        0x080015d5   Thumb Code    10  stm32f4xx_usart.o(.text)
    USART_SetAddress                         0x080015df   Thumb Code    18  stm32f4xx_usart.o(.text)
    USART_ReceiverWakeUpCmd                  0x080015f1   Thumb Code    24  stm32f4xx_usart.o(.text)
    USART_WakeUpConfig                       0x08001609   Thumb Code    18  stm32f4xx_usart.o(.text)
    USART_LINBreakDetectLengthConfig         0x0800161b   Thumb Code    18  stm32f4xx_usart.o(.text)
    USART_LINCmd                             0x0800162d   Thumb Code    24  stm32f4xx_usart.o(.text)
    USART_SendBreak                          0x08001645   Thumb Code    10  stm32f4xx_usart.o(.text)
    USART_HalfDuplexCmd                      0x0800164f   Thumb Code    24  stm32f4xx_usart.o(.text)
    USART_SetGuardTime                       0x08001667   Thumb Code    16  stm32f4xx_usart.o(.text)
    USART_SmartCardCmd                       0x08001677   Thumb Code    24  stm32f4xx_usart.o(.text)
    USART_SmartCardNACKCmd                   0x0800168f   Thumb Code    24  stm32f4xx_usart.o(.text)
    USART_IrDAConfig                         0x080016a7   Thumb Code    18  stm32f4xx_usart.o(.text)
    USART_IrDACmd                            0x080016b9   Thumb Code    24  stm32f4xx_usart.o(.text)
    USART_DMACmd                             0x080016d1   Thumb Code    18  stm32f4xx_usart.o(.text)
    USART_ITConfig                           0x080016e3   Thumb Code    74  stm32f4xx_usart.o(.text)
    USART_GetFlagStatus                      0x0800172d   Thumb Code    26  stm32f4xx_usart.o(.text)
    USART_ClearFlag                          0x08001747   Thumb Code    18  stm32f4xx_usart.o(.text)
    USART_GetITStatus                        0x08001759   Thumb Code   118  stm32f4xx_usart.o(.text)
    USART_ClearITPendingBit                  0x080017cf   Thumb Code    30  stm32f4xx_usart.o(.text)
    CAN_DeInit                               0x080017ed   Thumb Code    50  stm32f4xx_can.o(.text)
    CAN_Init                                 0x0800181f   Thumb Code   276  stm32f4xx_can.o(.text)
    CAN_FilterInit                           0x08001933   Thumb Code   258  stm32f4xx_can.o(.text)
    CAN_StructInit                           0x08001a35   Thumb Code    32  stm32f4xx_can.o(.text)
    CAN_SlaveStartBank                       0x08001a55   Thumb Code    48  stm32f4xx_can.o(.text)
    CAN_DBGFreeze                            0x08001a85   Thumb Code    22  stm32f4xx_can.o(.text)
    CAN_TTComModeCmd                         0x08001a9b   Thumb Code   118  stm32f4xx_can.o(.text)
    CAN_Transmit                             0x08001b11   Thumb Code   304  stm32f4xx_can.o(.text)
    CAN_TransmitStatus                       0x08001c41   Thumb Code   138  stm32f4xx_can.o(.text)
    CAN_CancelTransmit                       0x08001ccb   Thumb Code    48  stm32f4xx_can.o(.text)
    CAN_Receive                              0x08001cfb   Thumb Code   240  stm32f4xx_can.o(.text)
    CAN_FIFORelease                          0x08001deb   Thumb Code    22  stm32f4xx_can.o(.text)
    CAN_MessagePending                       0x08001e01   Thumb Code    30  stm32f4xx_can.o(.text)
    CAN_OperatingModeRequest                 0x08001e1f   Thumb Code   162  stm32f4xx_can.o(.text)
    CAN_Sleep                                0x08001ec1   Thumb Code    30  stm32f4xx_can.o(.text)
    CAN_WakeUp                               0x08001edf   Thumb Code    48  stm32f4xx_can.o(.text)
    CAN_GetLastErrorCode                     0x08001f0f   Thumb Code    12  stm32f4xx_can.o(.text)
    CAN_GetReceiveErrorCounter               0x08001f1b   Thumb Code    10  stm32f4xx_can.o(.text)
    CAN_GetLSBTransmitErrorCounter           0x08001f25   Thumb Code    12  stm32f4xx_can.o(.text)
    CAN_ITConfig                             0x08001f31   Thumb Code    18  stm32f4xx_can.o(.text)
    CAN_GetFlagStatus                        0x08001f43   Thumb Code   120  stm32f4xx_can.o(.text)
    CAN_ClearFlag                            0x08001fbb   Thumb Code    52  stm32f4xx_can.o(.text)
    CAN_GetITStatus                          0x08002001   Thumb Code   310  stm32f4xx_can.o(.text)
    CAN_ClearITPendingBit                    0x08002137   Thumb Code   162  stm32f4xx_can.o(.text)
    TIM_DeInit                               0x080021dd   Thumb Code   346  stm32f4xx_tim.o(.text)
    TIM_TimeBaseInit                         0x08002337   Thumb Code   104  stm32f4xx_tim.o(.text)
    TIM_TimeBaseStructInit                   0x0800239f   Thumb Code    18  stm32f4xx_tim.o(.text)
    TIM_PrescalerConfig                      0x080023b1   Thumb Code     6  stm32f4xx_tim.o(.text)
    TIM_CounterModeConfig                    0x080023b7   Thumb Code    18  stm32f4xx_tim.o(.text)
    TIM_SetCounter                           0x080023c9   Thumb Code     4  stm32f4xx_tim.o(.text)
    TIM_SetAutoreload                        0x080023cd   Thumb Code     4  stm32f4xx_tim.o(.text)
    TIM_GetCounter                           0x080023d1   Thumb Code     6  stm32f4xx_tim.o(.text)
    TIM_GetPrescaler                         0x080023d7   Thumb Code     6  stm32f4xx_tim.o(.text)
    TIM_UpdateDisableConfig                  0x080023dd   Thumb Code    24  stm32f4xx_tim.o(.text)
    TIM_UpdateRequestConfig                  0x080023f5   Thumb Code    24  stm32f4xx_tim.o(.text)
    TIM_ARRPreloadConfig                     0x0800240d   Thumb Code    24  stm32f4xx_tim.o(.text)
    TIM_SelectOnePulseMode                   0x08002425   Thumb Code    18  stm32f4xx_tim.o(.text)
    TIM_SetClockDivision                     0x08002437   Thumb Code    18  stm32f4xx_tim.o(.text)
    TIM_Cmd                                  0x08002449   Thumb Code    24  stm32f4xx_tim.o(.text)
    TIM_OC1Init                              0x08002461   Thumb Code   114  stm32f4xx_tim.o(.text)
    TIM_OC2Init                              0x080024d3   Thumb Code   154  stm32f4xx_tim.o(.text)
    TIM_OC3Init                              0x0800256d   Thumb Code   204  stm32f4xx_tim.o(.text)
    TIM_OC4Init                              0x08002639   Thumb Code   112  stm32f4xx_tim.o(.text)
    TIM_OCStructInit                         0x080026a9   Thumb Code    20  stm32f4xx_tim.o(.text)
    TIM_SelectOCxM                           0x080026bd   Thumb Code    86  stm32f4xx_tim.o(.text)
    TIM_SetCompare1                          0x08002713   Thumb Code     4  stm32f4xx_tim.o(.text)
    TIM_SetCompare2                          0x08002717   Thumb Code     4  stm32f4xx_tim.o(.text)
    TIM_SetCompare3                          0x0800271b   Thumb Code     4  stm32f4xx_tim.o(.text)
    TIM_SetCompare4                          0x0800271f   Thumb Code     4  stm32f4xx_tim.o(.text)
    TIM_ForcedOC1Config                      0x08002723   Thumb Code    18  stm32f4xx_tim.o(.text)
    TIM_ForcedOC2Config                      0x08002735   Thumb Code    26  stm32f4xx_tim.o(.text)
    TIM_ForcedOC3Config                      0x0800274f   Thumb Code    18  stm32f4xx_tim.o(.text)
    TIM_ForcedOC4Config                      0x08002761   Thumb Code    26  stm32f4xx_tim.o(.text)
    TIM_OC1PreloadConfig                     0x0800277b   Thumb Code    18  stm32f4xx_tim.o(.text)
    TIM_OC2PreloadConfig                     0x0800278d   Thumb Code    26  stm32f4xx_tim.o(.text)
    TIM_OC3PreloadConfig                     0x080027a7   Thumb Code    18  stm32f4xx_tim.o(.text)
    TIM_OC4PreloadConfig                     0x080027b9   Thumb Code    26  stm32f4xx_tim.o(.text)
    TIM_OC1FastConfig                        0x080027d3   Thumb Code    18  stm32f4xx_tim.o(.text)
    TIM_OC2FastConfig                        0x080027e5   Thumb Code    26  stm32f4xx_tim.o(.text)
    TIM_OC3FastConfig                        0x080027ff   Thumb Code    18  stm32f4xx_tim.o(.text)
    TIM_OC4FastConfig                        0x08002811   Thumb Code    26  stm32f4xx_tim.o(.text)
    TIM_ClearOC1Ref                          0x0800282b   Thumb Code    18  stm32f4xx_tim.o(.text)
    TIM_ClearOC2Ref                          0x0800283d   Thumb Code    24  stm32f4xx_tim.o(.text)
    TIM_ClearOC3Ref                          0x08002855   Thumb Code    18  stm32f4xx_tim.o(.text)
    TIM_ClearOC4Ref                          0x08002867   Thumb Code    24  stm32f4xx_tim.o(.text)
    TIM_OC1PolarityConfig                    0x0800287f   Thumb Code    18  stm32f4xx_tim.o(.text)
    TIM_OC1NPolarityConfig                   0x08002891   Thumb Code    18  stm32f4xx_tim.o(.text)
    TIM_OC2PolarityConfig                    0x080028a3   Thumb Code    26  stm32f4xx_tim.o(.text)
    TIM_OC2NPolarityConfig                   0x080028bd   Thumb Code    26  stm32f4xx_tim.o(.text)
    TIM_OC3PolarityConfig                    0x080028d7   Thumb Code    26  stm32f4xx_tim.o(.text)
    TIM_OC3NPolarityConfig                   0x080028f1   Thumb Code    26  stm32f4xx_tim.o(.text)
    TIM_OC4PolarityConfig                    0x0800290b   Thumb Code    26  stm32f4xx_tim.o(.text)
    TIM_CCxCmd                               0x08002925   Thumb Code    30  stm32f4xx_tim.o(.text)
    TIM_CCxNCmd                              0x08002943   Thumb Code    30  stm32f4xx_tim.o(.text)
    TIM_SetIC4Prescaler                      0x08002961   Thumb Code    26  stm32f4xx_tim.o(.text)
    TIM_SetIC3Prescaler                      0x080029cb   Thumb Code    18  stm32f4xx_tim.o(.text)
    TIM_SetIC2Prescaler                      0x08002a25   Thumb Code    26  stm32f4xx_tim.o(.text)
    TIM_SetIC1Prescaler                      0x08002a99   Thumb Code    18  stm32f4xx_tim.o(.text)
    TIM_ICInit                               0x08002ae5   Thumb Code   110  stm32f4xx_tim.o(.text)
    TIM_ICStructInit                         0x08002b53   Thumb Code    18  stm32f4xx_tim.o(.text)
    TIM_PWMIConfig                           0x08002b65   Thumb Code   124  stm32f4xx_tim.o(.text)
    TIM_GetCapture1                          0x08002be1   Thumb Code     6  stm32f4xx_tim.o(.text)
    TIM_GetCapture2                          0x08002be7   Thumb Code     6  stm32f4xx_tim.o(.text)
    TIM_GetCapture3                          0x08002bed   Thumb Code     6  stm32f4xx_tim.o(.text)
    TIM_GetCapture4                          0x08002bf3   Thumb Code     6  stm32f4xx_tim.o(.text)
    TIM_BDTRConfig                           0x08002bf9   Thumb Code    32  stm32f4xx_tim.o(.text)
    TIM_BDTRStructInit                       0x08002c19   Thumb Code    18  stm32f4xx_tim.o(.text)
    TIM_CtrlPWMOutputs                       0x08002c2b   Thumb Code    30  stm32f4xx_tim.o(.text)
    TIM_SelectCOM                            0x08002c49   Thumb Code    24  stm32f4xx_tim.o(.text)
    TIM_CCPreloadControl                     0x08002c61   Thumb Code    24  stm32f4xx_tim.o(.text)
    TIM_ITConfig                             0x08002c79   Thumb Code    18  stm32f4xx_tim.o(.text)
    TIM_GenerateEvent                        0x08002c8b   Thumb Code     4  stm32f4xx_tim.o(.text)
    TIM_GetFlagStatus                        0x08002c8f   Thumb Code    18  stm32f4xx_tim.o(.text)
    TIM_ClearFlag                            0x08002ca1   Thumb Code     6  stm32f4xx_tim.o(.text)
    TIM_GetITStatus                          0x08002ca7   Thumb Code    34  stm32f4xx_tim.o(.text)
    TIM_ClearITPendingBit                    0x08002cc9   Thumb Code     6  stm32f4xx_tim.o(.text)
    TIM_DMAConfig                            0x08002ccf   Thumb Code    10  stm32f4xx_tim.o(.text)
    TIM_DMACmd                               0x08002cd9   Thumb Code    18  stm32f4xx_tim.o(.text)
    TIM_SelectCCDMA                          0x08002ceb   Thumb Code    24  stm32f4xx_tim.o(.text)
    TIM_InternalClockConfig                  0x08002d03   Thumb Code    12  stm32f4xx_tim.o(.text)
    TIM_SelectInputTrigger                   0x08002d0f   Thumb Code    18  stm32f4xx_tim.o(.text)
    TIM_ITRxExternalClockConfig              0x08002d21   Thumb Code    24  stm32f4xx_tim.o(.text)
    TIM_TIxExternalClockConfig               0x08002d39   Thumb Code    62  stm32f4xx_tim.o(.text)
    TIM_ETRConfig                            0x08002d77   Thumb Code    28  stm32f4xx_tim.o(.text)
    TIM_ETRClockMode1Config                  0x08002d93   Thumb Code    54  stm32f4xx_tim.o(.text)
    TIM_ETRClockMode2Config                  0x08002dc9   Thumb Code    32  stm32f4xx_tim.o(.text)
    TIM_SelectOutputTrigger                  0x08002de9   Thumb Code    18  stm32f4xx_tim.o(.text)
    TIM_SelectSlaveMode                      0x08002dfb   Thumb Code    18  stm32f4xx_tim.o(.text)
    TIM_SelectMasterSlaveMode                0x08002e0d   Thumb Code    18  stm32f4xx_tim.o(.text)
    TIM_EncoderInterfaceConfig               0x08002e1f   Thumb Code    66  stm32f4xx_tim.o(.text)
    TIM_SelectHallSensor                     0x08002e61   Thumb Code    24  stm32f4xx_tim.o(.text)
    TIM_RemapConfig                          0x08002e79   Thumb Code     6  stm32f4xx_tim.o(.text)
    OnNumberOfErrorsUpdate                   0x08002e81   Thumb Code    44  emcy.o(.text)
    emergencyInit                            0x08002ead   Thumb Code    30  emcy.o(.text)
    emergencyStop                            0x08002ecb   Thumb Code     2  emcy.o(.text)
    sendEMCY                                 0x08002ecd   Thumb Code   114  emcy.o(.text)
    EMCY_setError                            0x08002f3f   Thumb Code   338  emcy.o(.text)
    EMCY_errorRecovered                      0x08003091   Thumb Code   176  emcy.o(.text)
    proceedEMCY                              0x08003141   Thumb Code   102  emcy.o(.text)
    _post_emcy                               0x080031a7   Thumb Code     6  emcy.o(.text)
    getNodeState                             0x0800326d   Thumb Code    16  lifegrd.o(.text)
    ConsumerHeartbeatAlarm                   0x0800327d   Thumb Code    50  lifegrd.o(.text)
    proceedNODE_GUARD                        0x080032af   Thumb Code   344  lifegrd.o(.text)
    ProducerHeartbeatAlarm                   0x08003407   Thumb Code   102  lifegrd.o(.text)
    GuardTimeAlarm                           0x0800346d   Thumb Code   158  lifegrd.o(.text)
    nodeguardInit                            0x0800350b   Thumb Code   174  lifegrd.o(.text)
    nodeguardStop                            0x080035b9   Thumb Code    18  lifegrd.o(.text)
    OnNodeGuardUpdate                        0x080035cb   Thumb Code    24  lifegrd.o(.text)
    OnHeartbeatProducerUpdate                0x080035e3   Thumb Code    66  lifegrd.o(.text)
    heartbeatInit                            0x08003625   Thumb Code   132  lifegrd.o(.text)
    heartbeatStop                            0x080036a9   Thumb Code   352  lifegrd.o(.text)
    lifeGuardInit                            0x08003809   Thumb Code    18  lifegrd.o(.text)
    lifeGuardStop                            0x0800381b   Thumb Code    18  lifegrd.o(.text)
    _heartbeatError                          0x0800382d   Thumb Code     2  lifegrd.o(.text)
    _post_SlaveBootup                        0x0800382f   Thumb Code     2  lifegrd.o(.text)
    _post_SlaveStateChange                   0x08003831   Thumb Code     2  lifegrd.o(.text)
    _nodeguardError                          0x08003833   Thumb Code     2  lifegrd.o(.text)
    masterSendNMTstateChange                 0x08003835   Thumb Code    88  nmtmaster.o(.text)
    masterSendNMTnodeguard                   0x0800388d   Thumb Code    62  nmtmaster.o(.text)
    masterRequestNodeState                   0x080038cb   Thumb Code    50  nmtmaster.o(.text)
    proceedNMTstateChange                    0x0800396d   Thumb Code   246  nmtslave.o(.text)
    slaveSendBootUp                          0x08003a63   Thumb Code    72  nmtslave.o(.text)
    accessDictionaryError                    0x08003b11   Thumb Code   314  objacces.o(.text)
    _getODentry                              0x08003c4b   Thumb Code   256  objacces.o(.text)
    _setODentry                              0x08003d4b   Thumb Code   784  objacces.o(.text)
    RegisterSetODentryCallBack               0x0800405b   Thumb Code    50  objacces.o(.text)
    _storeODSubIndex                         0x0800408d   Thumb Code     6  objacces.o(.text)
    CopyBits                                 0x08004099   Thumb Code   236  pdo.o(.text)
    buildPDO                                 0x08004185   Thumb Code   410  pdo.o(.text)
    sendPDOrequest                           0x0800431f   Thumb Code   160  pdo.o(.text)
    PDOInhibitTimerAlarm                     0x0800441b   Thumb Code    56  pdo.o(.text)
    sendOnePDOevent                          0x08004453   Thumb Code   908  pdo.o(.text)
    PDOEventTimerAlarm                       0x080047df   Thumb Code    46  pdo.o(.text)
    proceedPDO                               0x0800480d   Thumb Code  1420  pdo.o(.text)
    _sendPDOevent                            0x08004d99   Thumb Code   642  pdo.o(.text)
    sendPDOevent                             0x0800501b   Thumb Code    14  pdo.o(.text)
    _RxPDO_EventTimers_Handler               0x08005029   Thumb Code     2  pdo.o(.text)
    TPDO_Communication_Parameter_Callback    0x0800502b   Thumb Code   148  pdo.o(.text)
    PDOInit                                  0x080050bf   Thumb Code   262  pdo.o(.text)
    PDOStop                                  0x080051c5   Thumb Code   120  pdo.o(.text)
    PDOEnable                                0x0800523d   Thumb Code    48  pdo.o(.text)
    PDODisable                               0x0800526d   Thumb Code    48  pdo.o(.text)
    initSDOline                              0x0800529d   Thumb Code   510  sdo.o(.text)
    resetSDOline                             0x0800549b   Thumb Code   118  sdo.o(.text)
    sendSDO                                  0x08005511   Thumb Code   316  sdo.o(.text)
    sendSDOabort                             0x0800564d   Thumb Code   458  sdo.o(.text)
    SDOTimeoutAlarm                          0x08005817   Thumb Code   432  sdo.o(.text)
    resetSDO                                 0x080059c7   Thumb Code    26  sdo.o(.text)
    SDOlineToObjdict                         0x080059e1   Thumb Code   220  sdo.o(.text)
    objdictToSDOline                         0x08005abd   Thumb Code   226  sdo.o(.text)
    lineToSDO                                0x08005b9f   Thumb Code   490  sdo.o(.text)
    SDOtoLine                                0x08005d89   Thumb Code   172  sdo.o(.text)
    getSDOlineOnUse                          0x08005e35   Thumb Code   114  sdo.o(.text)
    failedSDO                                0x08005ea7   Thumb Code   336  sdo.o(.text)
    getSDOfreeLine                           0x08005ff7   Thumb Code    98  sdo.o(.text)
    getSDOlineToClose                        0x08006059   Thumb Code    92  sdo.o(.text)
    GetSDOClientFromNodeId                   0x080060b5   Thumb Code   444  sdo.o(.text)
    closeSDOtransfer                         0x08006271   Thumb Code    92  sdo.o(.text)
    getSDOlineRestBytes                      0x080062cd   Thumb Code    74  sdo.o(.text)
    setSDOlineRestBytes                      0x08006317   Thumb Code    66  sdo.o(.text)
    proceedSDO                               0x08006359   Thumb Code 18276  sdo.o(.text)
    resetClientSDOLineFromNodeId             0x0800aabd   Thumb Code    52  sdo.o(.text)
    _writeNetworkDict                        0x0800aaf1   Thumb Code   720  sdo.o(.text)
    writeNetworkDict                         0x0800adc1   Thumb Code    54  sdo.o(.text)
    writeNetworkDictCallBack                 0x0800adf7   Thumb Code   418  sdo.o(.text)
    writeNetworkDictCallBackAI               0x0800af99   Thumb Code   252  sdo.o(.text)
    _readNetworkDict                         0x0800b095   Thumb Code   496  sdo.o(.text)
    readNetworkDict                          0x0800b285   Thumb Code    42  sdo.o(.text)
    readNetworkDictCallback                  0x0800b2af   Thumb Code    40  sdo.o(.text)
    readNetworkDictCallbackAI                0x0800b2d7   Thumb Code   448  sdo.o(.text)
    getReadResultNetworkDict                 0x0800b497   Thumb Code   412  sdo.o(.text)
    getWriteResultNetworkDict                0x0800b633   Thumb Code   170  sdo.o(.text)
    getState                                 0x0800b71d   Thumb Code     8  states.o(.text)
    canDispatch                              0x0800b725   Thumb Code   154  states.o(.text)
    switchCommunicationState                 0x0800b7bf   Thumb Code   572  states.o(.text)
    setState                                 0x0800b9fb   Thumb Code   200  states.o(.text)
    getNodeId                                0x0800bac3   Thumb Code     8  states.o(.text)
    setNodeId                                0x0800bacb   Thumb Code   698  states.o(.text)
    _initialisation                          0x0800bd85   Thumb Code     2  states.o(.text)
    _preOperational                          0x0800bd87   Thumb Code    22  states.o(.text)
    _operational                             0x0800bd9d   Thumb Code     2  states.o(.text)
    _stopped                                 0x0800bd9f   Thumb Code     2  states.o(.text)
    proceedSYNC                              0x0800bda5   Thumb Code    66  sync.o(.text)
    sendSYNCMessage                          0x0800bde7   Thumb Code    64  sync.o(.text)
    sendSYNC                                 0x0800be27   Thumb Code    22  sync.o(.text)
    SyncAlarm                                0x0800be3d   Thumb Code    14  sync.o(.text)
    stopSYNC                                 0x0800be4b   Thumb Code    46  sync.o(.text)
    startSYNC                                0x0800be79   Thumb Code   110  sync.o(.text)
    OnCOB_ID_SyncUpdate                      0x0800bee7   Thumb Code    18  sync.o(.text)
    _post_sync                               0x0800bef9   Thumb Code     2  sync.o(.text)
    _post_TPDO                               0x0800befb   Thumb Code     2  sync.o(.text)
    SetAlarm                                 0x0800bf59   Thumb Code   170  timer.o(.text)
    DelAlarm                                 0x0800c003   Thumb Code    68  timer.o(.text)
    TimeDispatch                             0x0800c047   Thumb Code   178  timer.o(.text)
    Master_valueRangeTest                    0x0800c149   Thumb Code    22  master.o(.text)
    Master_scanIndexOD                       0x0800c15f   Thumb Code    88  master.o(.text)
    CAN1_Init                                0x0800c1c5   Thumb Code   272  can1.o(.text)
    canSend                                  0x0800c2d5   Thumb Code    96  can1.o(.text)
    canChangeBaudRate_driver                 0x0800c335   Thumb Code     6  can1.o(.text)
    CAN1_RX0_IRQHandler                      0x0800c33b   Thumb Code   180  can1.o(.text)
    TIM2_Init                                0x0800c435   Thumb Code   104  timer2.o(.text)
    setTimer                                 0x0800c49d   Thumb Code    64  timer2.o(.text)
    getElapsedTime                           0x0800c4dd   Thumb Code    42  timer2.o(.text)
    TIM2_IRQHandler                          0x0800c507   Thumb Code    40  timer2.o(.text)
    __use_no_semihosting                     0x0800c539   Thumb Code     2  use_no_semi_2.o(.text)
    __2printf                                0x0800c53d   Thumb Code    20  noretval__2printf.o(.text)
    _printf_pre_padding                      0x0800c555   Thumb Code    44  _printf_pad.o(.text)
    _printf_post_padding                     0x0800c581   Thumb Code    34  _printf_pad.o(.text)
    _printf_str                              0x0800c5a3   Thumb Code    82  _printf_str.o(.text)
    _printf_int_dec                          0x0800c5f5   Thumb Code   104  _printf_dec.o(.text)
    _printf_int_hex                          0x0800c66d   Thumb Code    84  _printf_hex_int.o(.text)
    _printf_longlong_hex                     0x0800c66d   Thumb Code     0  _printf_hex_int.o(.text)
    __printf                                 0x0800c6c5   Thumb Code   308  __printf_flags_wp.o(.text)
    memcmp                                   0x0800c7fd   Thumb Code    88  memcmp.o(.text)
    __aeabi_memcpy                           0x0800c855   Thumb Code     0  rt_memcpy_v6.o(.text)
    __rt_memcpy                              0x0800c855   Thumb Code   138  rt_memcpy_v6.o(.text)
    _memcpy_lastbytes                        0x0800c8bb   Thumb Code     0  rt_memcpy_v6.o(.text)
    __aeabi_memclr4                          0x0800c8df   Thumb Code     0  rt_memclr_w.o(.text)
    __aeabi_memclr8                          0x0800c8df   Thumb Code     0  rt_memclr_w.o(.text)
    __rt_memclr_w                            0x0800c8df   Thumb Code    78  rt_memclr_w.o(.text)
    _memset_w                                0x0800c8e3   Thumb Code     0  rt_memclr_w.o(.text)
    __use_two_region_memory                  0x0800c92d   Thumb Code     2  heapauxi.o(.text)
    __rt_heap_escrow$2region                 0x0800c92f   Thumb Code     2  heapauxi.o(.text)
    __rt_heap_expand$2region                 0x0800c931   Thumb Code     2  heapauxi.o(.text)
    __I$use$semihosting                      0x0800c933   Thumb Code     0  use_no_semi.o(.text)
    __use_no_semihosting_swi                 0x0800c933   Thumb Code     2  use_no_semi.o(.text)
    _printf_int_common                       0x0800c935   Thumb Code   178  _printf_intcommon.o(.text)
    _printf_cs_common                        0x0800c9e7   Thumb Code    20  _printf_char.o(.text)
    _printf_char                             0x0800c9fb   Thumb Code    16  _printf_char.o(.text)
    _printf_string                           0x0800ca0b   Thumb Code     8  _printf_char.o(.text)
    _printf_char_file                        0x0800ca15   Thumb Code    32  _printf_char_file.o(.text)
    __aeabi_memcpy4                          0x0800ca39   Thumb Code     0  rt_memcpy_w.o(.text)
    __aeabi_memcpy8                          0x0800ca39   Thumb Code     0  rt_memcpy_w.o(.text)
    __rt_memcpy_w                            0x0800ca39   Thumb Code   100  rt_memcpy_w.o(.text)
    _memcpy_lastbytes_aligned                0x0800ca81   Thumb Code     0  rt_memcpy_w.o(.text)
    _printf_char_common                      0x0800caa7   Thumb Code    32  _printf_char_common.o(.text)
    ferror                                   0x0800cacd   Thumb Code     8  ferror.o(.text)
    __user_setup_stackheap                   0x0800cad5   Thumb Code    74  sys_stackheap_outer.o(.text)
    exit                                     0x0800cb1f   Thumb Code    18  exit.o(.text)
    __user_libspace                          0x0800cb31   Thumb Code     8  libspace.o(.text)
    __user_perproc_libspace                  0x0800cb31   Thumb Code     0  libspace.o(.text)
    __user_perthread_libspace                0x0800cb31   Thumb Code     0  libspace.o(.text)
    _is_digit                                0x0800cb39   Thumb Code    14  __printf_wp.o(i._is_digit)
    _fp_init                                 0x0800cb47   Thumb Code    10  fpinit.o(x$fpl$fpinit)
    __fplib_config_fpu_vfp                   0x0800cb4f   Thumb Code     0  fpinit.o(x$fpl$fpinit)
    __fplib_config_pureend_doubles           0x0800cb4f   Thumb Code     0  fpinit.o(x$fpl$fpinit)
    SDO_ACTIVATE_INIT                        0x0800cb50   Data           9  sdo_frames.o(.constdata)
    SDO_ACTIVATE_PPM                         0x0800cb59   Data           9  sdo_frames.o(.constdata)
    SDO_ACTIVATE_SETV2000                    0x0800cb62   Data           9  sdo_frames.o(.constdata)
    SDO_ACTIVATE_SETV1000                    0x0800cb6b   Data           9  sdo_frames.o(.constdata)
    SDO_ACTIVATE_SETV100                     0x0800cb74   Data           9  sdo_frames.o(.constdata)
    SDO_DISABLE                              0x0800cb7d   Data           9  sdo_frames.o(.constdata)
    SDO_ENABLE                               0x0800cb86   Data           9  sdo_frames.o(.constdata)
    SDO_GO                                   0x0800cb8f   Data           9  sdo_frames.o(.constdata)
    SDO_TARGET_POS_NODE10000                 0x0800cb98   Data           9  sdo_frames.o(.constdata)
    SDO_TARGET_POS_NODE1000                  0x0800cba1   Data           9  sdo_frames.o(.constdata)
    SDO_TARGET_POS_NODE2000                  0x0800cbaa   Data           9  sdo_frames.o(.constdata)
    SDO_TARGET_POS_NODE5000                  0x0800cbb3   Data           9  sdo_frames.o(.constdata)
    SDO_TARGET_POS_NODEUN10000               0x0800cbbc   Data           9  sdo_frames.o(.constdata)
    SDO_TARGET_POS_NODEUN1000                0x0800cbc5   Data           9  sdo_frames.o(.constdata)
    SDO_TARGET_POS_NODEUN2000                0x0800cbce   Data           9  sdo_frames.o(.constdata)
    SDO_TARGET_POS_NODEUN5000                0x0800cbd7   Data           9  sdo_frames.o(.constdata)
    SDO_TARGET_POS_NODE100                   0x0800cbe0   Data           9  sdo_frames.o(.constdata)
    SDO_TARGET_POS_NODEUN100                 0x0800cbe9   Data           9  sdo_frames.o(.constdata)
    SDO_TARGET_POS_NODE200                   0x0800cbf2   Data           9  sdo_frames.o(.constdata)
    SDO_TARGET_POS_NODEUN200                 0x0800cbfb   Data           9  sdo_frames.o(.constdata)
    SDO_TARGET_POS_NODE500                   0x0800cc04   Data           9  sdo_frames.o(.constdata)
    SDO_TARGET_POS_NODEUN500                 0x0800cc0d   Data           9  sdo_frames.o(.constdata)
    Master_iam_a_slave                       0x0800cc58   Data           1  master.o(.constdata)
    Master_objdict                           0x0800cc5c   Data          40  master.o(.constdata)
    Master_firstIndex                        0x0800cc84   Data          12  master.o(.constdata)
    Master_lastIndex                         0x0800cc90   Data          12  master.o(.constdata)
    Master_ObjdictSize                       0x0800cc9c   Data           2  master.o(.constdata)
    Region$$Table$$Base                      0x0800d48c   Number         0  anon$$obj.o(Region$$Table)
    Region$$Table$$Limit                     0x0800d4ac   Number         0  anon$$obj.o(Region$$Table)
    SystemCoreClock                          0x20000000   Data           4  system_stm32f4xx.o(.data)
    AHBPrescTable                            0x20000004   Data          16  system_stm32f4xx.o(.data)
    __stdout                                 0x20000018   Data           4  usart.o(.data)
    total_sleep_time                         0x2000002c   Data           4  timer.o(.data)
    last_timer_raw                           0x20000030   Data           2  timer.o(.data)
    tdcount                                  0x20000034   Data           4  timer.o(.data)
    Master_bDeviceNodeId                     0x20000038   Data           1  master.o(.data)
    Master_heartBeatTimers                   0x2000003a   Data           2  master.o(.data)
    Master_obj1000                           0x2000003c   Data           4  master.o(.data)
    Master_Index1000                         0x20000040   Data          16  master.o(.data)
    Master_obj1001                           0x20000050   Data           1  master.o(.data)
    Master_Index1001                         0x20000054   Data          16  master.o(.data)
    Master_highestSubIndex_obj1003           0x20000064   Data           1  master.o(.data)
    Master_obj1003                           0x20000068   Data           4  master.o(.data)
    Master_Index1003                         0x2000006c   Data          32  master.o(.data)
    Master_obj1005                           0x2000008c   Data           4  master.o(.data)
    Master_obj1006                           0x20000090   Data           4  master.o(.data)
    Master_obj100C                           0x20000094   Data           2  master.o(.data)
    Master_obj100D                           0x20000096   Data           1  master.o(.data)
    Master_obj1014                           0x20000098   Data           4  master.o(.data)
    Master_highestSubIndex_obj1016           0x2000009c   Data           1  master.o(.data)
    Master_obj1016                           0x200000a0   Data           4  master.o(.data)
    Master_obj1017                           0x200000a4   Data           2  master.o(.data)
    Master_Index1017                         0x200000a8   Data          16  master.o(.data)
    Master_highestSubIndex_obj1018           0x200000b8   Data           1  master.o(.data)
    Master_obj1018_Vendor_ID                 0x200000bc   Data           4  master.o(.data)
    Master_obj1018_Product_Code              0x200000c0   Data           4  master.o(.data)
    Master_obj1018_Revision_Number           0x200000c4   Data           4  master.o(.data)
    Master_obj1018_Serial_Number             0x200000c8   Data           4  master.o(.data)
    Master_Index1018                         0x200000cc   Data          80  master.o(.data)
    Master_highestSubIndex_obj1280           0x2000011c   Data           1  master.o(.data)
    Master_obj1280_COB_ID_Client_to_Server_Transmit_SDO 0x20000120   Data           4  master.o(.data)
    Master_obj1280_COB_ID_Server_to_Client_Receive_SDO 0x20000124   Data           4  master.o(.data)
    Master_obj1280_Node_ID_of_the_SDO_Server 0x20000128   Data           1  master.o(.data)
    Master_Index1280                         0x2000012c   Data          64  master.o(.data)
    Master_PDO_status                        0x2000016c   Data          18  master.o(.data)
    Master_Data                              0x20000180   Data         576  master.o(.data)
    last_counter_val                         0x200003c4   Data           4  timer2.o(.data)
    elapsed_time                             0x200003c8   Data           4  timer2.o(.data)
    timers                                   0x200003cc   Data         192  timer.o(.bss)
    __libspace_start                         0x2000048c   Data          96  libspace.o(.bss)
    __temporary_stack_top$libspace           0x200004ec   Data           0  libspace.o(.bss)



==============================================================================

Memory Map of the image

  Image Entry point : 0x08000189

  Load Region LR_IROM1 (Base: 0x08000000, Size: 0x0000d878, Max: 0x00100000, ABSOLUTE, COMPRESSED[0x0000d5b0])

    Execution Region ER_IROM1 (Exec base: 0x08000000, Load base: 0x08000000, Size: 0x0000d4ac, Max: 0x00100000, ABSOLUTE)

    Exec Addr    Load Addr    Size         Type   Attr      Idx    E Section Name        Object

    0x08000000   0x08000000   0x00000188   Data   RO          397    RESET               startup_stm32f40_41xxx.o
    0x08000188   0x08000188   0x00000008   Code   RO          957  * !!!main             c_w.l(__main.o)
    0x08000190   0x08000190   0x00000034   Code   RO         1133    !!!scatter          c_w.l(__scatter.o)
    0x080001c4   0x080001c4   0x0000005a   Code   RO         1131    !!dczerorl2         c_w.l(__dczerorl2.o)
    0x0800021e   0x0800021e   0x00000002   PAD
    0x08000220   0x08000220   0x0000001c   Code   RO         1135    !!handler_zi        c_w.l(__scatter_zi.o)
    0x0800023c   0x0800023c   0x00000000   Code   RO          948    .ARM.Collect$$_printf_percent$$00000000  c_w.l(_printf_percent.o)
    0x0800023c   0x0800023c   0x00000006   Code   RO          947    .ARM.Collect$$_printf_percent$$00000009  c_w.l(_printf_d.o)
    0x08000242   0x08000242   0x00000006   Code   RO          946    .ARM.Collect$$_printf_percent$$0000000C  c_w.l(_printf_x.o)
    0x08000248   0x08000248   0x00000006   Code   RO          945    .ARM.Collect$$_printf_percent$$00000014  c_w.l(_printf_s.o)
    0x0800024e   0x0800024e   0x00000004   Code   RO          968    .ARM.Collect$$_printf_percent$$00000017  c_w.l(_printf_percent_end.o)
    0x08000252   0x08000252   0x00000002   Code   RO         1003    .ARM.Collect$$libinit$$00000000  c_w.l(libinit.o)
    0x08000254   0x08000254   0x00000004   Code   RO         1009    .ARM.Collect$$libinit$$00000001  c_w.l(libinit2.o)
    0x08000258   0x08000258   0x00000000   Code   RO         1012    .ARM.Collect$$libinit$$00000004  c_w.l(libinit2.o)
    0x08000258   0x08000258   0x00000000   Code   RO         1015    .ARM.Collect$$libinit$$0000000A  c_w.l(libinit2.o)
    0x08000258   0x08000258   0x00000000   Code   RO         1017    .ARM.Collect$$libinit$$0000000C  c_w.l(libinit2.o)
    0x08000258   0x08000258   0x00000000   Code   RO         1019    .ARM.Collect$$libinit$$0000000E  c_w.l(libinit2.o)
    0x08000258   0x08000258   0x00000000   Code   RO         1022    .ARM.Collect$$libinit$$00000011  c_w.l(libinit2.o)
    0x08000258   0x08000258   0x00000000   Code   RO         1024    .ARM.Collect$$libinit$$00000013  c_w.l(libinit2.o)
    0x08000258   0x08000258   0x00000000   Code   RO         1026    .ARM.Collect$$libinit$$00000015  c_w.l(libinit2.o)
    0x08000258   0x08000258   0x00000000   Code   RO         1028    .ARM.Collect$$libinit$$00000017  c_w.l(libinit2.o)
    0x08000258   0x08000258   0x00000000   Code   RO         1030    .ARM.Collect$$libinit$$00000019  c_w.l(libinit2.o)
    0x08000258   0x08000258   0x00000000   Code   RO         1032    .ARM.Collect$$libinit$$0000001B  c_w.l(libinit2.o)
    0x08000258   0x08000258   0x00000000   Code   RO         1034    .ARM.Collect$$libinit$$0000001D  c_w.l(libinit2.o)
    0x08000258   0x08000258   0x00000000   Code   RO         1036    .ARM.Collect$$libinit$$0000001F  c_w.l(libinit2.o)
    0x08000258   0x08000258   0x00000000   Code   RO         1038    .ARM.Collect$$libinit$$00000021  c_w.l(libinit2.o)
    0x08000258   0x08000258   0x00000000   Code   RO         1040    .ARM.Collect$$libinit$$00000023  c_w.l(libinit2.o)
    0x08000258   0x08000258   0x00000000   Code   RO         1042    .ARM.Collect$$libinit$$00000025  c_w.l(libinit2.o)
    0x08000258   0x08000258   0x00000000   Code   RO         1046    .ARM.Collect$$libinit$$0000002C  c_w.l(libinit2.o)
    0x08000258   0x08000258   0x00000000   Code   RO         1048    .ARM.Collect$$libinit$$0000002E  c_w.l(libinit2.o)
    0x08000258   0x08000258   0x00000000   Code   RO         1050    .ARM.Collect$$libinit$$00000030  c_w.l(libinit2.o)
    0x08000258   0x08000258   0x00000000   Code   RO         1052    .ARM.Collect$$libinit$$00000032  c_w.l(libinit2.o)
    0x08000258   0x08000258   0x00000002   Code   RO         1053    .ARM.Collect$$libinit$$00000033  c_w.l(libinit2.o)
    0x0800025a   0x0800025a   0x00000002   Code   RO         1071    .ARM.Collect$$libshutdown$$00000000  c_w.l(libshutdown.o)
    0x0800025c   0x0800025c   0x00000000   Code   RO         1081    .ARM.Collect$$libshutdown$$00000002  c_w.l(libshutdown2.o)
    0x0800025c   0x0800025c   0x00000000   Code   RO         1083    .ARM.Collect$$libshutdown$$00000004  c_w.l(libshutdown2.o)
    0x0800025c   0x0800025c   0x00000000   Code   RO         1085    .ARM.Collect$$libshutdown$$00000006  c_w.l(libshutdown2.o)
    0x0800025c   0x0800025c   0x00000000   Code   RO         1088    .ARM.Collect$$libshutdown$$00000009  c_w.l(libshutdown2.o)
    0x0800025c   0x0800025c   0x00000000   Code   RO         1091    .ARM.Collect$$libshutdown$$0000000C  c_w.l(libshutdown2.o)
    0x0800025c   0x0800025c   0x00000000   Code   RO         1093    .ARM.Collect$$libshutdown$$0000000E  c_w.l(libshutdown2.o)
    0x0800025c   0x0800025c   0x00000000   Code   RO         1096    .ARM.Collect$$libshutdown$$00000011  c_w.l(libshutdown2.o)
    0x0800025c   0x0800025c   0x00000002   Code   RO         1097    .ARM.Collect$$libshutdown$$00000012  c_w.l(libshutdown2.o)
    0x0800025e   0x0800025e   0x00000000   Code   RO          961    .ARM.Collect$$rtentry$$00000000  c_w.l(__rtentry.o)
    0x0800025e   0x0800025e   0x00000000   Code   RO          972    .ARM.Collect$$rtentry$$00000002  c_w.l(__rtentry2.o)
    0x0800025e   0x0800025e   0x00000006   Code   RO          984    .ARM.Collect$$rtentry$$00000004  c_w.l(__rtentry4.o)
    0x08000264   0x08000264   0x00000000   Code   RO          974    .ARM.Collect$$rtentry$$00000009  c_w.l(__rtentry2.o)
    0x08000264   0x08000264   0x00000004   Code   RO          975    .ARM.Collect$$rtentry$$0000000A  c_w.l(__rtentry2.o)
    0x08000268   0x08000268   0x00000000   Code   RO          977    .ARM.Collect$$rtentry$$0000000C  c_w.l(__rtentry2.o)
    0x08000268   0x08000268   0x00000008   Code   RO          978    .ARM.Collect$$rtentry$$0000000D  c_w.l(__rtentry2.o)
    0x08000270   0x08000270   0x00000002   Code   RO         1007    .ARM.Collect$$rtexit$$00000000  c_w.l(rtexit.o)
    0x08000272   0x08000272   0x00000000   Code   RO         1055    .ARM.Collect$$rtexit$$00000002  c_w.l(rtexit2.o)
    0x08000272   0x08000272   0x00000004   Code   RO         1056    .ARM.Collect$$rtexit$$00000003  c_w.l(rtexit2.o)
    0x08000276   0x08000276   0x00000006   Code   RO         1057    .ARM.Collect$$rtexit$$00000004  c_w.l(rtexit2.o)
    0x0800027c   0x0800027c   0x000002b4   Code   RO            3    .text               main.o
    0x08000530   0x08000530   0x0000001a   Code   RO          223    .text               stm32f4xx_it.o
    0x0800054a   0x0800054a   0x00000002   PAD
    0x0800054c   0x0800054c   0x00000210   Code   RO          272    .text               system_stm32f4xx.o
    0x0800075c   0x0800075c   0x00000044   Code   RO          298    .text               sdo_frames.o
    0x080007a0   0x080007a0   0x00000104   Code   RO          327    .text               delay.o
    0x080008a4   0x080008a4   0x000000e4   Code   RO          367    .text               usart.o
    0x08000988   0x08000988   0x00000040   Code   RO          398    .text               startup_stm32f40_41xxx.o
    0x080009c8   0x080009c8   0x000000e0   Code   RO          404    .text               misc.o
    0x08000aa8   0x08000aa8   0x00000294   Code   RO          424    .text               stm32f4xx_gpio.o
    0x08000d3c   0x08000d3c   0x0000065c   Code   RO          467    .text               stm32f4xx_rcc.o
    0x08001398   0x08001398   0x00000454   Code   RO          509    .text               stm32f4xx_usart.o
    0x080017ec   0x080017ec   0x000009f0   Code   RO          529    .text               stm32f4xx_can.o
    0x080021dc   0x080021dc   0x00000ca2   Code   RO          589    .text               stm32f4xx_tim.o
    0x08002e7e   0x08002e7e   0x00000002   PAD
    0x08002e80   0x08002e80   0x000003ec   Code   RO          645    .text               emcy.o
    0x0800326c   0x0800326c   0x000005c8   Code   RO          657    .text               lifegrd.o
    0x08003834   0x08003834   0x00000138   Code   RO          678    .text               nmtmaster.o
    0x0800396c   0x0800396c   0x000001a4   Code   RO          690    .text               nmtslave.o
    0x08003b10   0x08003b10   0x00000588   Code   RO          702    .text               objacces.o
    0x08004098   0x08004098   0x00001204   Code   RO          714    .text               pdo.o
    0x0800529c   0x0800529c   0x00006480   Code   RO          727    .text               sdo.o
    0x0800b71c   0x0800b71c   0x00000688   Code   RO          750    .text               states.o
    0x0800bda4   0x0800bda4   0x000001b4   Code   RO          763    .text               sync.o
    0x0800bf58   0x0800bf58   0x000001f0   Code   RO          775    .text               timer.o
    0x0800c148   0x0800c148   0x0000007c   Code   RO          824    .text               master.o
    0x0800c1c4   0x0800c1c4   0x00000270   Code   RO          845    .text               can1.o
    0x0800c434   0x0800c434   0x00000104   Code   RO          867    .text               timer2.o
    0x0800c538   0x0800c538   0x00000002   Code   RO          890    .text               c_w.l(use_no_semi_2.o)
    0x0800c53a   0x0800c53a   0x00000002   PAD
    0x0800c53c   0x0800c53c   0x00000018   Code   RO          894    .text               c_w.l(noretval__2printf.o)
    0x0800c554   0x0800c554   0x0000004e   Code   RO          898    .text               c_w.l(_printf_pad.o)
    0x0800c5a2   0x0800c5a2   0x00000052   Code   RO          900    .text               c_w.l(_printf_str.o)
    0x0800c5f4   0x0800c5f4   0x00000078   Code   RO          902    .text               c_w.l(_printf_dec.o)
    0x0800c66c   0x0800c66c   0x00000058   Code   RO          907    .text               c_w.l(_printf_hex_int.o)
    0x0800c6c4   0x0800c6c4   0x00000138   Code   RO          937    .text               c_w.l(__printf_flags_wp.o)
    0x0800c7fc   0x0800c7fc   0x00000058   Code   RO          949    .text               c_w.l(memcmp.o)
    0x0800c854   0x0800c854   0x0000008a   Code   RO          951    .text               c_w.l(rt_memcpy_v6.o)
    0x0800c8de   0x0800c8de   0x0000004e   Code   RO          953    .text               c_w.l(rt_memclr_w.o)
    0x0800c92c   0x0800c92c   0x00000006   Code   RO          955    .text               c_w.l(heapauxi.o)
    0x0800c932   0x0800c932   0x00000002   Code   RO          959    .text               c_w.l(use_no_semi.o)
    0x0800c934   0x0800c934   0x000000b2   Code   RO          962    .text               c_w.l(_printf_intcommon.o)
    0x0800c9e6   0x0800c9e6   0x0000002c   Code   RO          964    .text               c_w.l(_printf_char.o)
    0x0800ca12   0x0800ca12   0x00000002   PAD
    0x0800ca14   0x0800ca14   0x00000024   Code   RO          966    .text               c_w.l(_printf_char_file.o)
    0x0800ca38   0x0800ca38   0x00000064   Code   RO          969    .text               c_w.l(rt_memcpy_w.o)
    0x0800ca9c   0x0800ca9c   0x00000030   Code   RO          986    .text               c_w.l(_printf_char_common.o)
    0x0800cacc   0x0800cacc   0x00000008   Code   RO          988    .text               c_w.l(ferror.o)
    0x0800cad4   0x0800cad4   0x0000004a   Code   RO          992    .text               c_w.l(sys_stackheap_outer.o)
    0x0800cb1e   0x0800cb1e   0x00000012   Code   RO          996    .text               c_w.l(exit.o)
    0x0800cb30   0x0800cb30   0x00000008   Code   RO         1004    .text               c_w.l(libspace.o)
    0x0800cb38   0x0800cb38   0x0000000e   Code   RO          935    i._is_digit         c_w.l(__printf_wp.o)
    0x0800cb46   0x0800cb46   0x0000000a   Code   RO         1063    x$fpl$fpinit        fz_wm.l(fpinit.o)
    0x0800cb50   0x0800cb50   0x000000c6   Data   RO          299    .constdata          sdo_frames.o
    0x0800cc16   0x0800cc16   0x00000002   PAD
    0x0800cc18   0x0800cc18   0x00000040   Data   RO          751    .constdata          states.o
    0x0800cc58   0x0800cc58   0x00000046   Data   RO          825    .constdata          master.o
    0x0800cc9e   0x0800cc9e   0x00000028   Data   RO          908    .constdata          c_w.l(_printf_hex_int.o)
    0x0800ccc6   0x0800ccc6   0x00000011   Data   RO          938    .constdata          c_w.l(__printf_flags_wp.o)
    0x0800ccd7   0x0800ccd7   0x00000001   PAD
    0x0800ccd8   0x0800ccd8   0x00000044   Data   RO          715    .conststring        pdo.o
    0x0800cd1c   0x0800cd1c   0x0000076e   Data   RO          728    .conststring        sdo.o
    0x0800d48a   0x0800d48a   0x00000002   PAD
    0x0800d48c   0x0800d48c   0x00000020   Data   RO         1129    Region$$Table       anon$$obj.o


    Execution Region RW_IRAM1 (Exec base: 0x20000000, Load base: 0x0800d4ac, Size: 0x00000af0, Max: 0x00020000, ABSOLUTE, COMPRESSED[0x00000104])

    Exec Addr    Load Addr    Size         Type   Attr      Idx    E Section Name        Object

    0x20000000   COMPRESSED   0x00000014   Data   RW          273    .data               system_stm32f4xx.o
    0x20000014   COMPRESSED   0x00000004   Data   RW          328    .data               delay.o
    0x20000018   COMPRESSED   0x00000004   Data   RW          368    .data               usart.o
    0x2000001c   COMPRESSED   0x00000010   Data   RW          468    .data               stm32f4xx_rcc.o
    0x2000002c   COMPRESSED   0x0000000c   Data   RW          777    .data               timer.o
    0x20000038   COMPRESSED   0x00000388   Data   RW          826    .data               master.o
    0x200003c0   COMPRESSED   0x00000004   Data   RW          846    .data               can1.o
    0x200003c4   COMPRESSED   0x00000008   Data   RW          868    .data               timer2.o
    0x200003cc        -       0x000000c0   Zero   RW          776    .bss                timer.o
    0x2000048c        -       0x00000060   Zero   RW         1005    .bss                c_w.l(libspace.o)
    0x200004ec   COMPRESSED   0x00000004   PAD
    0x200004f0        -       0x00000200   Zero   RW          396    HEAP                startup_stm32f40_41xxx.o
    0x200006f0        -       0x00000400   Zero   RW          395    STACK               startup_stm32f40_41xxx.o


==============================================================================

Image component sizes


      Code (inc. data)   RO Data    RW Data    ZI Data      Debug   Object Name

       624         70          0          4          0       2233   can1.o
       260          8          0          4          0       1453   delay.o
      1004        192          0          0          0       3763   emcy.o
      1480        292          0          0          0       5435   lifegrd.o
       692         78          0          0          0     301555   main.o
       124         14         70        904          0       3976   master.o
       224         20          0          0          0       1789   misc.o
       312        112          0          0          0       1405   nmtmaster.o
       420        102          0          0          0       1100   nmtslave.o
      1416        456          0          0          0       3552   objacces.o
      4612        964         68          0          0       8867   pdo.o
     25728       4664       1902          0          0      23351   sdo.o
        68          0        198          0          0       2793   sdo_frames.o
        64         26        392          0       1536        820   startup_stm32f40_41xxx.o
      1672        260         64          0          0       4275   states.o
      2544         38          0          0          0       8116   stm32f4xx_can.o
       660         44          0          0          0       4129   stm32f4xx_gpio.o
        26          0          0          0          0       1206   stm32f4xx_it.o
      1628         52          0         16          0      12992   stm32f4xx_rcc.o
      3234         60          0          0          0      22984   stm32f4xx_tim.o
      1108         34          0          0          0       7852   stm32f4xx_usart.o
       436         92          0          0          0       2298   sync.o
       528         46          0         20          0       1735   system_stm32f4xx.o
       496         80          0         12        192      12834   timer.o
       260         10          0          8          0       1416   timer2.o
       228          8          0          4          0       3098   usart.o

    ----------------------------------------------------------------------
     49852       7722       2730        972       1728     445027   Object Totals
         0          0         32          0          0          0   (incl. Generated)
         4          0          4          0          0          0   (incl. Padding)

    ----------------------------------------------------------------------

      Code (inc. data)   RO Data    RW Data    ZI Data      Debug   Library Member Name

        90          0          0          0          0          0   __dczerorl2.o
         8          0          0          0          0         68   __main.o
       312          4         17          0          0         92   __printf_flags_wp.o
        14          0          0          0          0         68   __printf_wp.o
         0          0          0          0          0          0   __rtentry.o
        12          0          0          0          0          0   __rtentry2.o
         6          0          0          0          0          0   __rtentry4.o
        52          8          0          0          0          0   __scatter.o
        28          0          0          0          0          0   __scatter_zi.o
        44          0          0          0          0        108   _printf_char.o
        48          6          0          0          0         96   _printf_char_common.o
        36          4          0          0          0         80   _printf_char_file.o
         6          0          0          0          0          0   _printf_d.o
       120         16          0          0          0         92   _printf_dec.o
        88          4         40          0          0         88   _printf_hex_int.o
       178          0          0          0          0         88   _printf_intcommon.o
        78          0          0          0          0        108   _printf_pad.o
         0          0          0          0          0          0   _printf_percent.o
         4          0          0          0          0          0   _printf_percent_end.o
         6          0          0          0          0          0   _printf_s.o
        82          0          0          0          0         80   _printf_str.o
         6          0          0          0          0          0   _printf_x.o
        18          0          0          0          0         80   exit.o
         8          0          0          0          0         68   ferror.o
         6          0          0          0          0        152   heapauxi.o
         2          0          0          0          0          0   libinit.o
         6          0          0          0          0          0   libinit2.o
         2          0          0          0          0          0   libshutdown.o
         2          0          0          0          0          0   libshutdown2.o
         8          4          0          0         96         68   libspace.o
        88          0          0          0          0         76   memcmp.o
        24          4          0          0          0         84   noretval__2printf.o
        78          0          0          0          0         80   rt_memclr_w.o
       138          0          0          0          0         68   rt_memcpy_v6.o
       100          0          0          0          0         80   rt_memcpy_w.o
         2          0          0          0          0          0   rtexit.o
        10          0          0          0          0          0   rtexit2.o
        74          0          0          0          0         80   sys_stackheap_outer.o
         2          0          0          0          0         68   use_no_semi.o
         2          0          0          0          0         68   use_no_semi_2.o
        10          0          0          0          0        116   fpinit.o

    ----------------------------------------------------------------------
      1804         50         58          0        100       2056   Library Totals
         6          0          1          0          4          0   (incl. Padding)

    ----------------------------------------------------------------------

      Code (inc. data)   RO Data    RW Data    ZI Data      Debug   Library Name

      1788         50         57          0         96       1940   c_w.l
        10          0          0          0          0        116   fz_wm.l

    ----------------------------------------------------------------------
      1804         50         58          0        100       2056   Library Totals

    ----------------------------------------------------------------------

==============================================================================


      Code (inc. data)   RO Data    RW Data    ZI Data      Debug   

     51656       7772       2788        972       1828     440795   Grand Totals
     51656       7772       2788        260       1828     440795   ELF Image Totals (compressed)
     51656       7772       2788        260          0          0   ROM Totals

==============================================================================

    Total RO  Size (Code + RO Data)                54444 (  53.17kB)
    Total RW  Size (RW Data + ZI Data)              2800 (   2.73kB)
    Total ROM Size (Code + RO Data + RW Data)      54704 (  53.42kB)

==============================================================================

